Component: ARM Compiler 5.06 update 7 (build 960) Tool: armlink [4d3601]

==============================================================================

Section Cross References

    startup_stm32f103xb.o(RESET) refers to startup_stm32f103xb.o(STACK) for __initial_sp
    startup_stm32f103xb.o(RESET) refers to startup_stm32f103xb.o(.text) for Reset_Handler
    startup_stm32f103xb.o(RESET) refers to stm32f1xx_it.o(i.NMI_Handler) for NMI_Handler
    startup_stm32f103xb.o(RESET) refers to stm32f1xx_it.o(i.HardFault_Handler) for HardFault_Handler
    startup_stm32f103xb.o(RESET) refers to stm32f1xx_it.o(i.MemManage_Handler) for MemManage_Handler
    startup_stm32f103xb.o(RESET) refers to stm32f1xx_it.o(i.BusFault_Handler) for BusFault_Handler
    startup_stm32f103xb.o(RESET) refers to stm32f1xx_it.o(i.UsageFault_Handler) for UsageFault_Handler
    startup_stm32f103xb.o(RESET) refers to stm32f1xx_it.o(i.SVC_Handler) for SVC_Handler
    startup_stm32f103xb.o(RESET) refers to stm32f1xx_it.o(i.DebugMon_Handler) for DebugMon_Handler
    startup_stm32f103xb.o(RESET) refers to stm32f1xx_it.o(i.PendSV_Handler) for PendSV_Handler
    startup_stm32f103xb.o(RESET) refers to stm32f1xx_it.o(i.SysTick_Handler) for SysTick_Handler
    startup_stm32f103xb.o(RESET) refers to stm32f1xx_it.o(i.USB_LP_CAN1_RX0_IRQHandler) for USB_LP_CAN1_RX0_IRQHandler
    startup_stm32f103xb.o(RESET) refers to stm32f1xx_it.o(i.TIM3_IRQHandler) for TIM3_IRQHandler
    startup_stm32f103xb.o(.text) refers to system_stm32f1xx.o(i.SystemInit) for SystemInit
    startup_stm32f103xb.o(.text) refers to entry.o(.ARM.Collect$$$$00000000) for __main
    main.o(i.SystemClock_Config) refers to memseta.o(.text) for __aeabi_memclr4
    main.o(i.SystemClock_Config) refers to stm32f1xx_hal_rcc.o(i.HAL_RCC_OscConfig) for HAL_RCC_OscConfig
    main.o(i.SystemClock_Config) refers to stm32f1xx_hal_rcc.o(i.HAL_RCC_ClockConfig) for HAL_RCC_ClockConfig
    main.o(i.main) refers to stm32f1xx_hal.o(i.HAL_Init) for HAL_Init
    main.o(i.main) refers to main.o(i.SystemClock_Config) for SystemClock_Config
    main.o(i.main) refers to gpio.o(i.MX_GPIO_Init) for MX_GPIO_Init
    main.o(i.main) refers to usart.o(i.MX_USART1_UART_Init) for MX_USART1_UART_Init
    main.o(i.main) refers to spi.o(i.MX_SPI1_Init) for MX_SPI1_Init
    main.o(i.main) refers to tim.o(i.MX_TIM2_Init) for MX_TIM2_Init
    main.o(i.main) refers to tim.o(i.MX_TIM3_Init) for MX_TIM3_Init
    main.o(i.main) refers to can.o(i.MX_CAN_Init) for MX_CAN_Init
    main.o(i.main) refers to del_hal.o(i.Del_Init) for Del_Init
    main.o(i.main) refers to del_hal.o(i.Del_Update) for Del_Update
    gpio.o(i.MX_GPIO_Init) refers to stm32f1xx_hal_gpio.o(i.HAL_GPIO_WritePin) for HAL_GPIO_WritePin
    gpio.o(i.MX_GPIO_Init) refers to stm32f1xx_hal_gpio.o(i.HAL_GPIO_Init) for HAL_GPIO_Init
    can.o(i.HAL_CAN_MspDeInit) refers to stm32f1xx_hal_gpio.o(i.HAL_GPIO_DeInit) for HAL_GPIO_DeInit
    can.o(i.HAL_CAN_MspDeInit) refers to stm32f1xx_hal_cortex.o(i.HAL_NVIC_DisableIRQ) for HAL_NVIC_DisableIRQ
    can.o(i.HAL_CAN_MspInit) refers to stm32f1xx_hal_gpio.o(i.HAL_GPIO_Init) for HAL_GPIO_Init
    can.o(i.HAL_CAN_MspInit) refers to stm32f1xx_hal_cortex.o(i.HAL_NVIC_SetPriority) for HAL_NVIC_SetPriority
    can.o(i.HAL_CAN_MspInit) refers to stm32f1xx_hal_cortex.o(i.HAL_NVIC_EnableIRQ) for HAL_NVIC_EnableIRQ
    can.o(i.MX_CAN_Init) refers to stm32f1xx_hal_can.o(i.HAL_CAN_Init) for HAL_CAN_Init
    can.o(i.MX_CAN_Init) refers to main.o(i.Error_Handler) for Error_Handler
    can.o(i.MX_CAN_Init) refers to can.o(.bss) for .bss
    spi.o(i.HAL_SPI_MspDeInit) refers to stm32f1xx_hal_gpio.o(i.HAL_GPIO_DeInit) for HAL_GPIO_DeInit
    spi.o(i.HAL_SPI_MspInit) refers to stm32f1xx_hal_gpio.o(i.HAL_GPIO_Init) for HAL_GPIO_Init
    spi.o(i.MX_SPI1_Init) refers to stm32f1xx_hal_spi.o(i.HAL_SPI_Init) for HAL_SPI_Init
    spi.o(i.MX_SPI1_Init) refers to main.o(i.Error_Handler) for Error_Handler
    spi.o(i.MX_SPI1_Init) refers to spi.o(.bss) for .bss
    tim.o(i.HAL_TIM_Base_MspDeInit) refers to stm32f1xx_hal_cortex.o(i.HAL_NVIC_DisableIRQ) for HAL_NVIC_DisableIRQ
    tim.o(i.HAL_TIM_Base_MspInit) refers to stm32f1xx_hal_cortex.o(i.HAL_NVIC_SetPriority) for HAL_NVIC_SetPriority
    tim.o(i.HAL_TIM_Base_MspInit) refers to stm32f1xx_hal_cortex.o(i.HAL_NVIC_EnableIRQ) for HAL_NVIC_EnableIRQ
    tim.o(i.HAL_TIM_MspPostInit) refers to stm32f1xx_hal_gpio.o(i.HAL_GPIO_Init) for HAL_GPIO_Init
    tim.o(i.MX_TIM2_Init) refers to memseta.o(.text) for __aeabi_memclr4
    tim.o(i.MX_TIM2_Init) refers to stm32f1xx_hal_tim.o(i.HAL_TIM_PWM_Init) for HAL_TIM_PWM_Init
    tim.o(i.MX_TIM2_Init) refers to main.o(i.Error_Handler) for Error_Handler
    tim.o(i.MX_TIM2_Init) refers to stm32f1xx_hal_tim_ex.o(i.HAL_TIMEx_MasterConfigSynchronization) for HAL_TIMEx_MasterConfigSynchronization
    tim.o(i.MX_TIM2_Init) refers to stm32f1xx_hal_tim.o(i.HAL_TIM_PWM_ConfigChannel) for HAL_TIM_PWM_ConfigChannel
[...]
    i.Calibration_Interrupt_Callback         0x08000594   Section        0  encoder_cali.o(i.Calibration_Interrupt_Callback)
    i.Calibration_Loop_Callback              0x080006f0   Section        0  encoder_cali.o(i.Calibration_Loop_Callback)
    i.Control_Cur_To_Electric                0x08000954   Section        0  motor_control.o(i.Control_Cur_To_Electric)
    i.Control_DCE_Init                       0x08000978   Section        0  motor_control.o(i.Control_DCE_Init)
    i.Control_DCE_SetKD                      0x080009c0   Section        0  motor_control.o(i.Control_DCE_SetKD)
    i.Control_DCE_SetKI                      0x080009d8   Section        0  motor_control.o(i.Control_DCE_SetKI)
    i.Control_DCE_SetKP                      0x080009f0   Section        0  motor_control.o(i.Control_DCE_SetKP)
    i.Control_DCE_SetKV                      0x08000a08   Section        0  motor_control.o(i.Control_DCE_SetKV)
    i.Control_DCE_To_Electric                0x08000a20   Section        0  motor_control.o(i.Control_DCE_To_Electric)
    i.Control_PID_Init                       0x08000ad0   Section        0  motor_control.o(i.Control_PID_Init)
    i.Control_PID_SetKD                      0x08000b0c   Section        0  motor_control.o(i.Control_PID_SetKD)
    i.Control_PID_SetKI                      0x08000b24   Section        0  motor_control.o(i.Control_PID_SetKI)
    i.Control_PID_SetKP                      0x08000b3c   Section        0  motor_control.o(i.Control_PID_SetKP)
    i.Control_PID_To_Electric                0x08000b54   Section        0  motor_control.o(i.Control_PID_To_Electric)
    i.CurrentControl_VREF_12Bit_MixOut       0x08000bf0   Section        0  at8236.o(i.CurrentControl_VREF_12Bit_MixOut)
    CurrentControl_VREF_12Bit_MixOut         0x08000bf1   Thumb Code    16  at8236.o(i.CurrentControl_VREF_12Bit_MixOut)
    i.Current_Tracker_Capture_Goal           0x08000c04   Section        0  current_tracker.o(i.Current_Tracker_Capture_Goal)
    i.Current_Tracker_Init                   0x08000ca8   Section        0  current_tracker.o(i.Current_Tracker_Init)
    i.Current_Tracker_NewTask                0x08000cd4   Section        0  current_tracker.o(i.Current_Tracker_NewTask)
    i.Current_Tracker_Set_DownRate           0x08000ce4   Section        0  current_tracker.o(i.Current_Tracker_Set_DownRate)
    i.Current_Tracker_Set_UpRate             0x08000d08   Section        0  current_tracker.o(i.Current_Tracker_Set_UpRate)
    i.CycleAverage                           0x08000d2c   Section        0  encoder_cali.o(i.CycleAverage)
    i.CycleDataAverage                       0x08000d50   Section        0  encoder_cali.o(i.CycleDataAverage)
    i.CycleRem                               0x08000d96   Section        0  encoder_cali.o(i.CycleRem)
    i.CycleSub                               0x08000da2   Section        0  encoder_cali.o(i.CycleSub)
    i.DebugMon_Handler                       0x08000db8   Section        0  stm32f1xx_it.o(i.DebugMon_Handler)
    i.Del_Init                               0x08000dbc   Section        0  del_hal.o(i.Del_Init)
    i.Del_Update                             0x08000e98   Section        0  del_hal.o(i.Del_Update)
    i.Error_Handler                          0x08000ef4   Section        0  main.o(i.Error_Handler)
    i.FLASH_MassErase                        0x08000ef8   Section        0  stm32f1xx_hal_flash_ex.o(i.FLASH_MassErase)
    FLASH_MassErase                          0x08000ef9   Thumb Code    26  stm32f1xx_hal_flash_ex.o(i.FLASH_MassErase)
    i.FLASH_PageErase                        0x08000f1c   Section        0  stm32f1xx_hal_flash_ex.o(i.FLASH_PageErase)
    i.FLASH_Program_HalfWord                 0x08000f40   Section        0  stm32f1xx_hal_flash.o(i.FLASH_Program_HalfWord)
    FLASH_Program_HalfWord                   0x08000f41   Thumb Code    20  stm32f1xx_hal_flash.o(i.FLASH_Program_HalfWord)
    i.FLASH_SetErrorCode                     0x08000f5c   Section        0  stm32f1xx_hal_flash.o(i.FLASH_SetErrorCode)
    FLASH_SetErrorCode                       0x08000f5d   Thumb Code    84  stm32f1xx_hal_flash.o(i.FLASH_SetErrorCode)
    i.FLASH_WaitForLastOperation             0x08000fb8   Section        0  stm32f1xx_hal_flash.o(i.FLASH_WaitForLastOperation)
    i.HAL_CAN_ActivateNotification           0x0800100c   Section        0  stm32f1xx_hal_can.o(i.HAL_CAN_ActivateNotification)
    i.HAL_CAN_ConfigFilter                   0x08001030   Section        0  stm32f1xx_hal_can.o(i.HAL_CAN_ConfigFilter)
    i.HAL_CAN_ErrorCallback                  0x0800111e   Section        0  stm32f1xx_hal_can.o(i.HAL_CAN_ErrorCallback)
    i.HAL_CAN_GetRxMessage                   0x08001120   Section        0  stm32f1xx_hal_can.o(i.HAL_CAN_GetRxMessage)
    i.HAL_CAN_IRQHandler                     0x08001208   Section        0  stm32f1xx_hal_can.o(i.HAL_CAN_IRQHandler)
    i.HAL_CAN_Init                           0x08001404   Section        0  stm32f1xx_hal_can.o(i.HAL_CAN_Init)
    i.HAL_CAN_MspInit                        0x08001520   Section        0  can.o(i.HAL_CAN_MspInit)
    i.HAL_CAN_RxFifo0FullCallback            0x080015b4   Section        0  stm32f1xx_hal_can.o(i.HAL_CAN_RxFifo0FullCallback)
    i.HAL_CAN_RxFifo0MsgPendingCallback      0x080015b8   Section        0  del_can.o(i.HAL_CAN_RxFifo0MsgPendingCallback)
    i.HAL_CAN_RxFifo1FullCallback            0x080016ac   Section        0  stm32f1xx_hal_can.o(i.HAL_CAN_RxFifo1FullCallback)
    i.HAL_CAN_RxFifo1MsgPendingCallback      0x080016ae   Section        0  stm32f1xx_hal_can.o(i.HAL_CAN_RxFifo1MsgPendingCallback)
    i.HAL_CAN_SleepCallback                  0x080016b0   Section        0  stm32f1xx_hal_can.o(i.HAL_CAN_SleepCallback)
    i.HAL_CAN_Start                          0x080016b4   Section        0  stm32f1xx_hal_can.o(i.HAL_CAN_Start)
    i.HAL_CAN_TxMailbox0AbortCallback        0x0800170c   Section        0  stm32f1xx_hal_can.o(i.HAL_CAN_TxMailbox0AbortCallback)
    i.HAL_CAN_TxMailbox0CompleteCallback     0x0800170e   Section        0  stm32f1xx_hal_can.o(i.HAL_CAN_TxMailbox0CompleteCallback)
    i.HAL_CAN_TxMailbox1AbortCallback        0x08001710   Section        0  stm32f1xx_hal_can.o(i.HAL_CAN_TxMailbox1AbortCallback)
    i.HAL_CAN_TxMailbox1CompleteCallback     0x08001712   Section        0  stm32f1xx_hal_can.o(i.HAL_CAN_TxMailbox1CompleteCallback)
    i.HAL_CAN_TxMailbox2AbortCallback        0x08001714   Section        0  stm32f1xx_hal_can.o(i.HAL_CAN_TxMailbox2AbortCallback)
    i.HAL_CAN_TxMailbox2CompleteCallback     0x08001716   Section        0  stm32f1xx_hal_can.o(i.HAL_CAN_TxMailbox2CompleteCallback)
    i.HAL_CAN_WakeUpFromRxMsgCallback        0x08001718   Section        0  stm32f1xx_hal_can.o(i.HAL_CAN_WakeUpFromRxMsgCallback)
    i.HAL_Delay                              0x0800171c   Section        0  stm32f1xx_hal.o(i.HAL_Delay)
    i.HAL_FLASHEx_Erase                      0x08001740   Section        0  stm32f1xx_hal_flash_ex.o(i.HAL_FLASHEx_Erase)
    i.HAL_FLASH_Program                      0x080017e8   Section        0  stm32f1xx_hal_flash.o(i.HAL_FLASH_Program)
    i.HAL_GPIO_Init                          0x08001868   Section        0  stm32f1xx_hal_gpio.o(i.HAL_GPIO_Init)
    i.HAL_GPIO_WritePin                      0x08001a48   Section        0  stm32f1xx_hal_gpio.o(i.HAL_GPIO_WritePin)
    i.HAL_GetTick                            0x08001a54   Section        0  stm32f1xx_hal.o(i.HAL_GetTick)
    i.HAL_IncTick                            0x08001a60   Section        0  stm32f1xx_hal.o(i.HAL_IncTick)
    i.HAL_Init                               0x08001a70   Section        0  stm32f1xx_hal.o(i.HAL_Init)
    i.HAL_InitTick                           0x08001a94   Section        0  stm32f1xx_hal.o(i.HAL_InitTick)
    i.HAL_MspInit                            0x08001ad4   Section        0  stm32f1xx_hal_msp.o(i.HAL_MspInit)
    i.HAL_NVIC_EnableIRQ                     0x08001b10   Section        0  stm32f1xx_hal_cortex.o(i.HAL_NVIC_EnableIRQ)
    i.HAL_NVIC_SetPriority                   0x08001b2c   Section        0  stm32f1xx_hal_cortex.o(i.HAL_NVIC_SetPriority)
    i.HAL_NVIC_SetPriorityGrouping           0x08001b6c   Section        0  stm32f1xx_hal_cortex.o(i.HAL_NVIC_SetPriorityGrouping)
    i.HAL_RCC_ClockConfig                    0x08001b90   Section        0  stm32f1xx_hal_rcc.o(i.HAL_RCC_ClockConfig)
    i.HAL_RCC_GetPCLK1Freq                   0x08001cbc   Section        0  stm32f1xx_hal_rcc.o(i.HAL_RCC_GetPCLK1Freq)
    i.HAL_RCC_GetPCLK2Freq                   0x08001cdc   Section        0  stm32f1xx_hal_rcc.o(i.HAL_RCC_GetPCLK2Freq)
    i.HAL_RCC_GetSysClockFreq                0x08001cfc   Section        0  stm32f1xx_hal_rcc.o(i.HAL_RCC_GetSysClockFreq)
    i.HAL_RCC_OscConfig                      0x08001d70   Section        0  stm32f1xx_hal_rcc.o(i.HAL_RCC_OscConfig)
    i.HAL_SPI_Init                           0x08002090   Section        0  stm32f1xx_hal_spi.o(i.HAL_SPI_Init)
    i.HAL_SPI_MspInit                        0x08002144   Section        0  spi.o(i.HAL_SPI_MspInit)
    i.HAL_SPI_TransmitReceive                0x080021c4   Section        0  stm32f1xx_hal_spi.o(i.HAL_SPI_TransmitReceive)
    i.HAL_SYSTICK_Config                     0x080023a6   Section        0  stm32f1xx_hal_cortex.o(i.HAL_SYSTICK_Config)
    i.HAL_TIMEx_BreakCallback                0x080023ce   Section        0  stm32f1xx_hal_tim_ex.o(i.HAL_TIMEx_BreakCallback)
    i.HAL_TIMEx_CommutCallback               0x080023d0   Section        0  stm32f1xx_hal_tim_ex.o(i.HAL_TIMEx_CommutCallback)
    i.HAL_TIMEx_MasterConfigSynchronization  0x080023d4   Section        0  stm32f1xx_hal_tim_ex.o(i.HAL_TIMEx_MasterConfigSynchronization)
    i.HAL_TIM_Base_Init                      0x0800243c   Section        0  stm32f1xx_hal_tim.o(i.HAL_TIM_Base_Init)
    i.HAL_TIM_Base_MspInit                   0x08002498   Section        0  tim.o(i.HAL_TIM_Base_MspInit)
    i.HAL_TIM_Base_Start_IT                  0x080024d4   Section        0  stm32f1xx_hal_tim.o(i.HAL_TIM_Base_Start_IT)
    i.HAL_TIM_ConfigClockSource              0x0800252c   Section        0  stm32f1xx_hal_tim.o(i.HAL_TIM_ConfigClockSource)
    i.HAL_TIM_IC_CaptureCallback             0x08002602   Section        0  stm32f1xx_hal_tim.o(i.HAL_TIM_IC_CaptureCallback)
    i.HAL_TIM_IRQHandler                     0x08002604   Section        0  stm32f1xx_hal_tim.o(i.HAL_TIM_IRQHandler)
    i.HAL_TIM_MspPostInit                    0x0800276c   Section        0  tim.o(i.HAL_TIM_MspPostInit)
    i.HAL_TIM_OC_DelayElapsedCallback        0x080027cc   Section        0  stm32f1xx_hal_tim.o(i.HAL_TIM_OC_DelayElapsedCallback)
    i.HAL_TIM_PWM_ConfigChannel              0x080027ce   Section        0  stm32f1xx_hal_tim.o(i.HAL_TIM_PWM_ConfigChannel)
    i.HAL_TIM_PWM_Init                       0x08002894   Section        0  stm32f1xx_hal_tim.o(i.HAL_TIM_PWM_Init)
    i.HAL_TIM_PWM_MspInit                    0x080028f0   Section        0  tim.o(i.HAL_TIM_PWM_MspInit)
    i.HAL_TIM_PWM_PulseFinishedCallback      0x08002914   Section        0  stm32f1xx_hal_tim.o(i.HAL_TIM_PWM_PulseFinishedCallback)
    i.HAL_TIM_PWM_Start                      0x08002918   Section        0  stm32f1xx_hal_tim.o(i.HAL_TIM_PWM_Start)
    i.HAL_TIM_PeriodElapsedCallback          0x080029b4   Section        0  del_hal.o(i.HAL_TIM_PeriodElapsedCallback)
    i.HAL_TIM_TriggerCallback                0x080029e4   Section        0  stm32f1xx_hal_tim.o(i.HAL_TIM_TriggerCallback)
    i.HAL_UART_Init                          0x080029e6   Section        0  stm32f1xx_hal_uart.o(i.HAL_UART_Init)
    i.HAL_UART_MspInit                       0x08002a48   Section        0  usart.o(i.HAL_UART_MspInit)
    i.HAL_UART_Transmit                      0x08002ac8   Section        0  stm32f1xx_hal_uart.o(i.HAL_UART_Transmit)
    i.HW_Elec_Init                           0x08002b7c   Section        0  at8236.o(i.HW_Elec_Init)
    i.HW_Elec_SetBrake                       0x08002b98   Section        0  at8236.o(i.HW_Elec_SetBrake)
    i.HW_Elec_SetDivideElec                  0x08002bc8   Section        0  at8236.o(i.HW_Elec_SetDivideElec)
    i.HW_Elec_SetSleep                       0x08002c6c   Section        0  at8236.o(i.HW_Elec_SetSleep)
    i.HardFault_Handler                      0x08002c9c   Section        0  stm32f1xx_it.o(i.HardFault_Handler)
    i.Led_Init                               0x08002ca0   Section        0  del_led.o(i.Led_Init)
    i.Location_Interp_Capture_Goal           0x08002cb4   Section        0  location_interp.o(i.Location_Interp_Capture_Goal)
    i.Location_Interp_Init                   0x08002cec   Section        0  location_interp.o(i.Location_Interp_Init)
    i.Location_Interp_NewTask                0x08002d04   Section        0  location_interp.o(i.Location_Interp_NewTask)
    i.Location_Tracker_Capture_Goal          0x08002d14   Section        0  location_tracker.o(i.Location_Tracker_Capture_Goal)
    i.Location_Tracker_Init                  0x08002ee4   Section        0  location_tracker.o(i.Location_Tracker_Init)
    i.Location_Tracker_NewTask               0x08002f2c   Section        0  location_tracker.o(i.Location_Tracker_NewTask)
    i.Location_Tracker_Set_DownAcc           0x08002f40   Section        0  location_tracker.o(i.Location_Tracker_Set_DownAcc)
    i.Location_Tracker_Set_MaxSpeed          0x08002f78   Section        0  location_tracker.o(i.Location_Tracker_Set_MaxSpeed)
    i.Location_Tracker_Set_UpAcc             0x08002f9c   Section        0  location_tracker.o(i.Location_Tracker_Set_UpAcc)
    i.MT6816_Get_AngleData                   0x08002fc0   Section        0  mt6816.o(i.MT6816_Get_AngleData)
    i.MT6816_Init                            0x08002fe0   Section        0  mt6816.o(i.MT6816_Init)
    i.MT6816_SPI_Get_AngleData               0x08003064   Section        0  mt6816.o(i.MT6816_SPI_Get_AngleData)
    i.MT6816_SPI_Signal_Init                 0x08003120   Section        0  mt6816.o(i.MT6816_SPI_Signal_Init)
    i.MX_CAN_Init                            0x0800313c   Section        0  can.o(i.MX_CAN_Init)
    i.MX_GPIO_Init                           0x08003180   Section        0  gpio.o(i.MX_GPIO_Init)
    i.MX_SPI1_Init                           0x0800326c   Section        0  spi.o(i.MX_SPI1_Init)
    i.MX_TIM2_Init                           0x080032b8   Section        0  tim.o(i.MX_TIM2_Init)
    i.MX_TIM3_Init                           0x08003338   Section        0  tim.o(i.MX_TIM3_Init)
    i.MX_USART1_UART_Init                    0x0800339c   Section        0  usart.o(i.MX_USART1_UART_Init)
    i.MemManage_Handler                      0x080033d4   Section        0  stm32f1xx_it.o(i.MemManage_Handler)
    i.Motor_Control_AdvanceCompen            0x080033d8   Section        0  motor_control.o(i.Motor_Control_AdvanceCompen)
    i.Motor_Control_Callback                 0x08003480   Section        0  motor_control.o(i.Motor_Control_Callback)
    i.Motor_Control_Clear_Integral           0x0800386c   Section        0  motor_control.o(i.Motor_Control_Clear_Integral)
    i.Motor_Control_Clear_Stall              0x0800388c   Section        0  motor_control.o(i.Motor_Control_Clear_Stall)
    i.Motor_Control_Init                     0x0800389c   Section        0  motor_control.o(i.Motor_Control_Init)
    i.Motor_Control_SetMotorMode             0x08003928   Section        0  motor_control.o(i.Motor_Control_SetMotorMode)
    i.Motor_Control_SetStallSwitch           0x08003938   Section        0  motor_control.o(i.Motor_Control_SetStallSwitch)
    i.Motor_MultiDebug_Location              0x08003948   Section        0  motor_control.o(i.Motor_MultiDebug_Location)
    i.Motor_MultiDebug_Speed                 0x08003974   Section        0  motor_control.o(i.Motor_MultiDebug_Speed)
    i.Move_Reconstruct_Capture_Goal          0x08003984   Section        0  move_reconstruct.o(i.Move_Reconstruct_Capture_Goal)
    i.Move_Reconstruct_Init                  0x08003a88   Section        0  move_reconstruct.o(i.Move_Reconstruct_Init)
    i.Move_Reconstruct_NewTask               0x08003ac4   Section        0  move_reconstruct.o(i.Move_Reconstruct_NewTask)
    i.Move_Reconstruct_Set_DownAcc           0x08003adc   Section        0  move_reconstruct.o(i.Move_Reconstruct_Set_DownAcc)
    i.Move_Reconstruct_Set_OverTime          0x08003b00   Section        0  move_reconstruct.o(i.Move_Reconstruct_Set_OverTime)
    i.NMI_Handler                            0x08003b20   Section        0  stm32f1xx_it.o(i.NMI_Handler)
    i.PendSV_Handler                         0x08003b22   Section        0  stm32f1xx_it.o(i.PendSV_Handler)
    i.SPI_EndRxTxTransaction                 0x08003b24   Section        0  stm32f1xx_hal_spi.o(i.SPI_EndRxTxTransaction)
    SPI_EndRxTxTransaction                   0x08003b25   Thumb Code    32  stm32f1xx_hal_spi.o(i.SPI_EndRxTxTransaction)
    i.SPI_WaitFlagStateUntilTimeout          0x08003b44   Section        0  stm32f1xx_hal_spi.o(i.SPI_WaitFlagStateUntilTimeout)
    SPI_WaitFlagStateUntilTimeout            0x08003b45   Thumb Code   180  stm32f1xx_hal_spi.o(i.SPI_WaitFlagStateUntilTimeout)
    i.SVC_Handler                            0x08003bfc   Section        0  stm32f1xx_it.o(i.SVC_Handler)
    i.Speed_Tracker_Capture_Goal             0x08003c00   Section        0  speed_tracker.o(i.Speed_Tracker_Capture_Goal)
    i.Speed_Tracker_Init                     0x08003ca4   Section        0  speed_tracker.o(i.Speed_Tracker_Init)
    i.Speed_Tracker_NewTask                  0x08003cd0   Section        0  speed_tracker.o(i.Speed_Tracker_NewTask)
    i.Speed_Tracker_Set_DownAcc              0x08003ce0   Section        0  speed_tracker.o(i.Speed_Tracker_Set_DownAcc)
    i.Speed_Tracker_Set_UpAcc                0x08003d04   Section        0  speed_tracker.o(i.Speed_Tracker_Set_UpAcc)
    i.Stockpile_Flash_Data_Begin             0x08003d28   Section        0  flash_f1xx.o(i.Stockpile_Flash_Data_Begin)
    i.Stockpile_Flash_Data_Empty             0x08003d44   Section        0  flash_f1xx.o(i.Stockpile_Flash_Data_Empty)
    i.Stockpile_Flash_Data_End               0x08003d90   Section        0  flash_f1xx.o(i.Stockpile_Flash_Data_End)
    i.Stockpile_Flash_Data_Write_Data16      0x08003da0   Section        0  flash_f1xx.o(i.Stockpile_Flash_Data_Write_Data16)
    i.SysTick_Handler                        0x08003de4   Section        0  stm32f1xx_it.o(i.SysTick_Handler)
    i.SystemClock_Config                     0x08003de8   Section        0  main.o(i.SystemClock_Config)
    i.SystemInit                             0x08003e44   Section        0  system_stm32f1xx.o(i.SystemInit)
    i.TIM3_IRQHandler                        0x08003e48   Section        0  stm32f1xx_it.o(i.TIM3_IRQHandler)
    i.TIM_Base_SetConfig                     0x08003e54   Section        0  stm32f1xx_hal_tim.o(i.TIM_Base_SetConfig)
    i.TIM_CCxChannelCmd                      0x08003ec0   Section        0  stm32f1xx_hal_tim.o(i.TIM_CCxChannelCmd)
    i.TIM_ETR_SetConfig                      0x08003eda   Section        0  stm32f1xx_hal_tim.o(i.TIM_ETR_SetConfig)
    i.TIM_ITRx_SetConfig                     0x08003eee   Section        0  stm32f1xx_hal_tim.o(i.TIM_ITRx_SetConfig)
    TIM_ITRx_SetConfig                       0x08003eef   Thumb Code    16  stm32f1xx_hal_tim.o(i.TIM_ITRx_SetConfig)
    i.TIM_OC1_SetConfig                      0x08003f00   Section        0  stm32f1xx_hal_tim.o(i.TIM_OC1_SetConfig)
    TIM_OC1_SetConfig                        0x08003f01   Thumb Code    74  stm32f1xx_hal_tim.o(i.TIM_OC1_SetConfig)
    i.TIM_OC2_SetConfig                      0x08003f50   Section        0  stm32f1xx_hal_tim.o(i.TIM_OC2_SetConfig)
    i.TIM_OC3_SetConfig                      0x08003fa8   Section        0  stm32f1xx_hal_tim.o(i.TIM_OC3_SetConfig)
    TIM_OC3_SetConfig                        0x08003fa9   Thumb Code    82  stm32f1xx_hal_tim.o(i.TIM_OC3_SetConfig)
    i.TIM_OC4_SetConfig                      0x08004000   Section        0  stm32f1xx_hal_tim.o(i.TIM_OC4_SetConfig)
    TIM_OC4_SetConfig                        0x08004001   Thumb Code    64  stm32f1xx_hal_tim.o(i.TIM_OC4_SetConfig)
    i.TIM_TI1_ConfigInputStage               0x08004044   Section        0  stm32f1xx_hal_tim.o(i.TIM_TI1_ConfigInputStage)
    TIM_TI1_ConfigInputStage                 0x08004045   Thumb Code    34  stm32f1xx_hal_tim.o(i.TIM_TI1_ConfigInputStage)
    i.TIM_TI2_ConfigInputStage               0x08004066   Section        0  stm32f1xx_hal_tim.o(i.TIM_TI2_ConfigInputStage)
    TIM_TI2_ConfigInputStage                 0x08004067   Thumb Code    36  stm32f1xx_hal_tim.o(i.TIM_TI2_ConfigInputStage)
    i.UART_SetConfig                         0x0800408c   Section        0  stm32f1xx_hal_uart.o(i.UART_SetConfig)
    UART_SetConfig                           0x0800408d   Thumb Code   178  stm32f1xx_hal_uart.o(i.UART_SetConfig)
    i.UART_WaitOnFlagUntilTimeout            0x08004144   Section        0  stm32f1xx_hal_uart.o(i.UART_WaitOnFlagUntilTimeout)
    UART_WaitOnFlagUntilTimeout              0x08004145   Thumb Code   100  stm32f1xx_hal_uart.o(i.UART_WaitOnFlagUntilTimeout)
    i.USB_LP_CAN1_RX0_IRQHandler             0x080041a8   Section        0  stm32f1xx_it.o(i.USB_LP_CAN1_RX0_IRQHandler)
    i.UsageFault_Handler                     0x080041b4   Section        0  stm32f1xx_it.o(i.UsageFault_Handler)
    i.__0printf$8                            0x080041b8   Section        0  printf8.o(i.__0printf$8)
    i.__NVIC_SetPriority                     0x080041d8   Section        0  stm32f1xx_hal_cortex.o(i.__NVIC_SetPriority)
    __NVIC_SetPriority                       0x080041d9   Thumb Code    32  stm32f1xx_hal_cortex.o(i.__NVIC_SetPriority)
    i.__scatterload_copy                     0x080041f8   Section       14  handlers.o(i.__scatterload_copy)
    i.__scatterload_null                     0x08004206   Section        2  handlers.o(i.__scatterload_null)
    i.__scatterload_zeroinit                 0x08004208   Section       14  handlers.o(i.__scatterload_zeroinit)
    i._printf_core                           0x08004218   Section        0  printf8.o(i._printf_core)
    _printf_core                             0x08004219   Thumb Code   984  printf8.o(i._printf_core)
    i._printf_post_padding                   0x0800461c   Section        0  printf8.o(i._printf_post_padding)
    _printf_post_padding                     0x0800461d   Thumb Code    36  printf8.o(i._printf_post_padding)
    i._printf_pre_padding                    0x08004640   Section        0  printf8.o(i._printf_pre_padding)
    _printf_pre_padding                      0x08004641   Thumb Code    46  printf8.o(i._printf_pre_padding)
    i.fputc                                  0x08004670   Section        0  del_hal.o(i.fputc)
    i.main                                   0x08004688   Section        0  main.o(i.main)
    .constdata                               0x080046b2   Section       16  system_stm32f1xx.o(.constdata)
    .constdata                               0x080046c2   Section        8  system_stm32f1xx.o(.constdata)
    .constdata                               0x080046ca   Section     2050  sine_form.o(.constdata)
    .data                                    0x20000000   Section       12  stm32f1xx_hal.o(.data)
    .data                                    0x2000000c   Section        4  system_stm32f1xx.o(.data)
    .data                                    0x20000010   Section       16  flash_f1xx.o(.data)
    .data                                    0x20000020   Section       16  mt6816.o(.data)
    .data                                    0x20000030   Section       12  at8236.o(.data)
    .data                                    0x2000003c   Section       16  motor_control.o(.data)
    first_call                               0x2000003c   Data           1  motor_control.o(.data)
    .data                                    0x2000004c   Section        4  stdout.o(.data)
    .bss                                     0x20000050   Section       40  can.o(.bss)
    .bss                                     0x20000078   Section       88  spi.o(.bss)
    .bss                                     0x200000d0   Section      144  tim.o(.bss)
    .bss                                     0x20000160   Section       68  usart.o(.bss)
    .bss                                     0x200001a8   Section       32  stm32f1xx_hal_flash.o(.bss)
    .bss                                     0x200001c8   Section       52  del_can.o(.bss)
    TxMessage                                0x200001c8   Data          24  del_can.o(.bss)
    RxMessage                                0x200001e0   Data          28  del_can.o(.bss)
    .bss                                     0x200001fc   Section      868  encoder_cali.o(.bss)
    .bss                                     0x20000560   Section      216  motor_control.o(.bss)
    .bss                                     0x20000638   Section       28  current_tracker.o(.bss)
    .bss                                     0x20000654   Section       28  location_interp.o(.bss)
    .bss                                     0x20000670   Section       56  location_tracker.o(.bss)
    .bss                                     0x200006a8   Section       56  move_reconstruct.o(.bss)
    .bss                                     0x200006e0   Section       28  speed_tracker.o(.bss)
    STACK                                    0x20000700   Section     1024  startup_stm32f103xb.o(STACK)

    Global Symbols

    Symbol Name                              Value     Ov Type        Size  Object(Section)

    BuildAttributes$$THM_ISAv4$P$D$K$B$S$PE$A:L22UL41UL21$X:L11$S22US41US21$IEEE1$IW$USESV6$~STKCKD$USESV7$~SHL$OTIME$ROPI$EBA8$MICROLIB$REQ8$PRES8$EABIv2 0x00000000   Number         0  anon$$obj.o ABSOLUTE
    __ARM_use_no_argv                        0x00000000   Number         0  main.o ABSOLUTE
    _printf_a                                0x00000000   Number         0  stubs.o ABSOLUTE
    _printf_c                                0x00000000   Number         0  stubs.o ABSOLUTE
    _printf_charcount                        0x00000000   Number         0  stubs.o ABSOLUTE
    _printf_d                                0x00000000   Number         0  stubs.o ABSOLUTE
    _printf_e                                0x00000000   Number         0  stubs.o ABSOLUTE
    _printf_f                                0x00000000   Number         0  stubs.o ABSOLUTE
    _printf_flags                            0x00000000   Number         0  stubs.o ABSOLUTE
    _printf_fp_dec                           0x00000000   Number         0  stubs.o ABSOLUTE
    _printf_fp_hex                           0x00000000   Number         0  stubs.o ABSOLUTE
    _printf_g                                0x00000000   Number         0  stubs.o ABSOLUTE
    _printf_i                                0x00000000   Number         0  stubs.o ABSOLUTE
    _printf_int_dec                          0x00000000   Number         0  stubs.o ABSOLUTE
    _printf_l                                0x00000000   Number         0  stubs.o ABSOLUTE
    _printf_lc                               0x00000000   Number         0  stubs.o ABSOLUTE
    _printf_ll                               0x00000000   Number         0  stubs.o ABSOLUTE
    _printf_lld                              0x00000000   Number         0  stubs.o ABSOLUTE
    _printf_lli                              0x00000000   Number         0  stubs.o ABSOLUTE
    _printf_llo                              0x00000000   Number         0  stubs.o ABSOLUTE
    _printf_llu                              0x00000000   Number         0  stubs.o ABSOLUTE
    _printf_llx                              0x00000000   Number         0  stubs.o ABSOLUTE
    _printf_longlong_dec                     0x00000000   Number         0  stubs.o ABSOLUTE
    _printf_longlong_hex                     0x00000000   Number         0  stubs.o ABSOLUTE
    _printf_longlong_oct                     0x00000000   Number         0  stubs.o ABSOLUTE
    _printf_ls                               0x00000000   Number         0  stubs.o ABSOLUTE
    _printf_mbtowc                           0x00000000   Number         0  stubs.o ABSOLUTE
    _printf_n                                0x00000000   Number         0  stubs.o ABSOLUTE
    _printf_o                                0x00000000   Number         0  stubs.o ABSOLUTE
    _printf_p                                0x00000000   Number         0  stubs.o ABSOLUTE
    _printf_percent                          0x00000000   Number         0  stubs.o ABSOLUTE
    _printf_pre_padding                      0x00000000   Number         0  stubs.o ABSOLUTE
    _printf_return_value                     0x00000000   Number         0  stubs.o ABSOLUTE
    _printf_s                                0x00000000   Number         0  stubs.o ABSOLUTE
    _printf_sizespec                         0x00000000   Number         0  stubs.o ABSOLUTE
    _printf_str                              0x00000000   Number         0  stubs.o ABSOLUTE
    _printf_truncate_signed                  0x00000000   Number         0  stubs.o ABSOLUTE
    _printf_truncate_unsigned                0x00000000   Number         0  stubs.o ABSOLUTE
    _printf_u                                0x00000000   Number         0  stubs.o ABSOLUTE
    _printf_wc                               0x00000000   Number         0  stubs.o ABSOLUTE
    _printf_wctomb                           0x00000000   Number         0  stubs.o ABSOLUTE
    _printf_widthprec                        0x00000000   Number         0  stubs.o ABSOLUTE
    _printf_x                                0x00000000   Number         0  stubs.o ABSOLUTE
    __arm_fini_                               - Undefined Weak Reference
    __cpp_initialize__aeabi_                  - Undefined Weak Reference
    __cxa_finalize                            - Undefined Weak Reference
    __decompress                              - Undefined Weak Reference
    _clock_init                               - Undefined Weak Reference
    _microlib_exit                            - Undefined Weak Reference
    __Vectors_Size                           0x000000ec   Number         0  startup_stm32f103xb.o ABSOLUTE
    __Vectors                                0x08000000   Data           4  startup_stm32f103xb.o(RESET)
    __Vectors_End                            0x080000ec   Data           0  startup_stm32f103xb.o(RESET)
    __main                                   0x080000ed   Thumb Code     0  entry.o(.ARM.Collect$$$$00000000)
    _main_stk                                0x080000ed   Thumb Code     0  entry2.o(.ARM.Collect$$$$00000001)
    _main_scatterload                        0x080000f1   Thumb Code     0  entry5.o(.ARM.Collect$$$$00000004)
    __main_after_scatterload                 0x080000f5   Thumb Code     0  entry5.o(.ARM.Collect$$$$00000004)
    _main_clock                              0x080000f5   Thumb Code     0  entry7b.o(.ARM.Collect$$$$00000008)
    _main_cpp_init                           0x080000f5   Thumb Code     0  entry8b.o(.ARM.Collect$$$$0000000A)
    _main_init                               0x080000f5   Thumb Code     0  entry9a.o(.ARM.Collect$$$$0000000B)
    __rt_lib_shutdown_fini                   0x080000fd   Thumb Code     0  entry12b.o(.ARM.Collect$$$$0000000E)
    __rt_final_cpp                           0x08000101   Thumb Code     0  entry10a.o(.ARM.Collect$$$$0000000F)
    __rt_final_exit                          0x08000101   Thumb Code     0  entry11a.o(.ARM.Collect$$$$00000011)
    Reset_Handler                            0x08000105   Thumb Code     8  startup_stm32f103xb.o(.text)
    ADC1_2_IRQHandler                        0x0800011f   Thumb Code     0  startup_stm32f103xb.o(.text)
    CAN1_RX1_IRQHandler                      0x0800011f   Thumb Code     0  startup_stm32f103xb.o(.text)
    CAN1_SCE_IRQHandler                      0x0800011f   Thumb Code     0  startup_stm32f103xb.o(.text)
    DMA1_Channel1_IRQHandler                 0x0800011f   Thumb Code     0  startup_stm32f103xb.o(.text)
    DMA1_Channel2_IRQHandler                 0x0800011f   Thumb Code     0  startup_stm32f103xb.o(.text)
    DMA1_Channel3_IRQHandler                 0x0800011f   Thumb Code     0  startup_stm32f103xb.o(.text)
    DMA1_Channel4_IRQHandler                 0x0800011f   Thumb Code     0  startup_stm32f103xb.o(.text)
    DMA1_Channel5_IRQHandler                 0x0800011f   Thumb Code     0  startup_stm32f103xb.o(.text)
    DMA1_Channel6_IRQHandler                 0x0800011f   Thumb Code     0  startup_stm32f103xb.o(.text)
    DMA1_Channel7_IRQHandler                 0x0800011f   Thumb Code     0  startup_stm32f103xb.o(.text)
    EXTI0_IRQHandler                         0x0800011f   Thumb Code     0  startup_stm32f103xb.o(.text)
    EXTI15_10_IRQHandler                     0x0800011f   Thumb Code     0  startup_stm32f103xb.o(.text)
    EXTI1_IRQHandler                         0x0800011f   Thumb Code     0  startup_stm32f103xb.o(.text)
    EXTI2_IRQHandler                         0x0800011f   Thumb Code     0  startup_stm32f103xb.o(.text)
    EXTI3_IRQHandler                         0x0800011f   Thumb Code     0  startup_stm32f103xb.o(.text)
    EXTI4_IRQHandler                         0x0800011f   Thumb Code     0  startup_stm32f103xb.o(.text)
    EXTI9_5_IRQHandler                       0x0800011f   Thumb Code     0  startup_stm32f103xb.o(.text)
    FLASH_IRQHandler                         0x0800011f   Thumb Code     0  startup_stm32f103xb.o(.text)
    I2C1_ER_IRQHandler                       0x0800011f   Thumb Code     0  startup_stm32f103xb.o(.text)
    I2C1_EV_IRQHandler                       0x0800011f   Thumb Code     0  startup_stm32f103xb.o(.text)
    I2C2_ER_IRQHandler                       0x0800011f   Thumb Code     0  startup_stm32f103xb.o(.text)
    I2C2_EV_IRQHandler                       0x0800011f   Thumb Code     0  startup_stm32f103xb.o(.text)
    PVD_IRQHandler                           0x0800011f   Thumb Code     0  startup_stm32f103xb.o(.text)
    RCC_IRQHandler                           0x0800011f   Thumb Code     0  startup_stm32f103xb.o(.text)
    RTC_Alarm_IRQHandler                     0x0800011f   Thumb Code     0  startup_stm32f103xb.o(.text)
    RTC_IRQHandler                           0x0800011f   Thumb Code     0  startup_stm32f103xb.o(.text)
    SPI1_IRQHandler                          0x0800011f   Thumb Code     0  startup_stm32f103xb.o(.text)
    SPI2_IRQHandler                          0x0800011f   Thumb Code     0  startup_stm32f103xb.o(.text)
    TAMPER_IRQHandler                        0x0800011f   Thumb Code     0  startup_stm32f103xb.o(.text)
    TIM1_BRK_IRQHandler                      0x0800011f   Thumb Code     0  startup_stm32f103xb.o(.text)
    TIM1_CC_IRQHandler                       0x0800011f   Thumb Code     0  startup_stm32f103xb.o(.text)
    TIM1_TRG_COM_IRQHandler                  0x0800011f   Thumb Code     0  startup_stm32f103xb.o(.text)
    TIM1_UP_IRQHandler                       0x0800011f   Thumb Code     0  startup_stm32f103xb.o(.text)
    TIM2_IRQHandler                          0x0800011f   Thumb Code     0  startup_stm32f103xb.o(.text)
    TIM4_IRQHandler                          0x0800011f   Thumb Code     0  startup_stm32f103xb.o(.text)
    USART1_IRQHandler                        0x0800011f   Thumb Code     0  startup_stm32f103xb.o(.text)
    USART2_IRQHandler                        0x0800011f   Thumb Code     0  startup_stm32f103xb.o(.text)
    USART3_IRQHandler                        0x0800011f   Thumb Code     0  startup_stm32f103xb.o(.text)
    USBWakeUp_IRQHandler                     0x0800011f   Thumb Code     0  startup_stm32f103xb.o(.text)
    USB_HP_CAN1_TX_IRQHandler                0x0800011f   Thumb Code     0  startup_stm32f103xb.o(.text)
    WWDG_IRQHandler                          0x0800011f   Thumb Code     0  startup_stm32f103xb.o(.text)
    __aeabi_llsr                             0x08000129   Thumb Code    32  llushr.o(.text)
    _ll_ushift_r                             0x08000129   Thumb Code     0  llushr.o(.text)
    __aeabi_memset                           0x08000149   Thumb Code    14  memseta.o(.text)
    __aeabi_memset4                          0x08000149   Thumb Code     0  memseta.o(.text)
    __aeabi_memset8                          0x08000149   Thumb Code     0  memseta.o(.text)
    __aeabi_memclr                           0x08000157   Thumb Code     4  memseta.o(.text)
    __aeabi_memclr4                          0x08000157   Thumb Code     0  memseta.o(.text)
    __aeabi_memclr8                          0x08000157   Thumb Code     0  memseta.o(.text)
    _memset$wrapper                          0x0800015b   Thumb Code    18  memseta.o(.text)
    __aeabi_fmul                             0x0800016d   Thumb Code   100  fmul.o(.text)
    __aeabi_fdiv                             0x080001d1   Thumb Code   124  fdiv.o(.text)
    __aeabi_i2f                              0x0800024d   Thumb Code    18  fflti.o(.text)
    __aeabi_f2iz                             0x0800025f   Thumb Code    50  ffixi.o(.text)
    __aeabi_uldivmod                         0x08000291   Thumb Code    98  uldiv.o(.text)
    __I$use$fp                               0x080002f3   Thumb Code     0  iusefp.o(.text)
    _float_round                             0x080002f3   Thumb Code    18  fepilogue.o(.text)
    _float_epilogue                          0x08000305   Thumb Code    92  fepilogue.o(.text)
    __scatterload                            0x08000361   Thumb Code    28  init.o(.text)
    __scatterload_rt2                        0x08000361   Thumb Code     0  init.o(.text)
    __aeabi_llsl                             0x08000385   Thumb Code    30  llshl.o(.text)
    _ll_shift_l                              0x08000385   Thumb Code     0  llshl.o(.text)
    BusFault_Handler                         0x080003a3   Thumb Code     2  stm32f1xx_it.o(i.BusFault_Handler)
    CANFilter_Config                         0x080003a5   Thumb Code    48  del_can.o(i.CANFilter_Config)
    CAN_Start_Init                           0x080003d9   Thumb Code    40  del_can.o(i.CAN_Start_Init)
    Calibration_Data_Check                   0x08000405   Thumb Code   342  encoder_cali.o(i.Calibration_Data_Check)
    Calibration_Init                         0x08000575   Thumb Code    28  encoder_cali.o(i.Calibration_Init)
    Calibration_Interrupt_Callback           0x08000595   Thumb Code   338  encoder_cali.o(i.Calibration_Interrupt_Callback)
    Calibration_Loop_Callback                0x080006f1   Thumb Code   600  encoder_cali.o(i.Calibration_Loop_Callback)
    Control_Cur_To_Electric                  0x08000955   Thumb Code    32  motor_control.o(i.Control_Cur_To_Electric)
    Control_DCE_Init                         0x08000979   Thumb Code    68  motor_control.o(i.Control_DCE_Init)
    Control_DCE_SetKD                        0x080009c1   Thumb Code    20  motor_control.o(i.Control_DCE_SetKD)
    Control_DCE_SetKI                        0x080009d9   Thumb Code    20  motor_control.o(i.Control_DCE_SetKI)
    Control_DCE_SetKP                        0x080009f1   Thumb Code    20  motor_control.o(i.Control_DCE_SetKP)
    Control_DCE_SetKV                        0x08000a09   Thumb Code    20  motor_control.o(i.Control_DCE_SetKV)
    Control_DCE_To_Electric                  0x08000a21   Thumb Code   172  motor_control.o(i.Control_DCE_To_Electric)
    Control_PID_Init                         0x08000ad1   Thumb Code    54  motor_control.o(i.Control_PID_Init)
    Control_PID_SetKD                        0x08000b0d   Thumb Code    20  motor_control.o(i.Control_PID_SetKD)
    Control_PID_SetKI                        0x08000b25   Thumb Code    20  motor_control.o(i.Control_PID_SetKI)
    Control_PID_SetKP                        0x08000b3d   Thumb Code    20  motor_control.o(i.Control_PID_SetKP)
    Control_PID_To_Electric                  0x08000b55   Thumb Code   150  motor_control.o(i.Control_PID_To_Electric)
    Current_Tracker_Capture_Goal             0x08000c05   Thumb Code   158  current_tracker.o(i.Current_Tracker_Capture_Goal)
    Current_Tracker_Init                     0x08000ca9   Thumb Code    38  current_tracker.o(i.Current_Tracker_Init)
    Current_Tracker_NewTask                  0x08000cd5   Thumb Code    10  current_tracker.o(i.Current_Tracker_NewTask)
    Current_Tracker_Set_DownRate             0x08000ce5   Thumb Code    30  current_tracker.o(i.Current_Tracker_Set_DownRate)
    Current_Tracker_Set_UpRate               0x08000d09   Thumb Code    30  current_tracker.o(i.Current_Tracker_Set_UpRate)
    CycleAverage                             0x08000d2d   Thumb Code    36  encoder_cali.o(i.CycleAverage)
    CycleDataAverage                         0x08000d51   Thumb Code    70  encoder_cali.o(i.CycleDataAverage)
    CycleRem                                 0x08000d97   Thumb Code    12  encoder_cali.o(i.CycleRem)
    CycleSub                                 0x08000da3   Thumb Code    22  encoder_cali.o(i.CycleSub)
    DebugMon_Handler                         0x08000db9   Thumb Code     2  stm32f1xx_it.o(i.DebugMon_Handler)
    Del_Init                                 0x08000dbd   Thumb Code   106  del_hal.o(i.Del_Init)
    Del_Update                               0x08000e99   Thumb Code    78  del_hal.o(i.Del_Update)
    Error_Handler                            0x08000ef5   Thumb Code     4  main.o(i.Error_Handler)
    FLASH_PageErase                          0x08000f1d   Thumb Code    28  stm32f1xx_hal_flash_ex.o(i.FLASH_PageErase)
    FLASH_WaitForLastOperation               0x08000fb9   Thumb Code    80  stm32f1xx_hal_flash.o(i.FLASH_WaitForLastOperation)
    HAL_CAN_ActivateNotification             0x0800100d   Thumb Code    36  stm32f1xx_hal_can.o(i.HAL_CAN_ActivateNotification)
    HAL_CAN_ConfigFilter                     0x08001031   Thumb Code   238  stm32f1xx_hal_can.o(i.HAL_CAN_ConfigFilter)
    HAL_CAN_ErrorCallback                    0x0800111f   Thumb Code     2  stm32f1xx_hal_can.o(i.HAL_CAN_ErrorCallback)
    HAL_CAN_GetRxMessage                     0x08001121   Thumb Code   232  stm32f1xx_hal_can.o(i.HAL_CAN_GetRxMessage)
    HAL_CAN_IRQHandler                       0x08001209   Thumb Code   508  stm32f1xx_hal_can.o(i.HAL_CAN_IRQHandler)
    HAL_CAN_Init                             0x08001405   Thumb Code   282  stm32f1xx_hal_can.o(i.HAL_CAN_Init)
    HAL_CAN_MspInit                          0x08001521   Thumb Code   130  can.o(i.HAL_CAN_MspInit)
    HAL_CAN_RxFifo0FullCallback              0x080015b5   Thumb Code     2  stm32f1xx_hal_can.o(i.HAL_CAN_RxFifo0FullCallback)
    HAL_CAN_RxFifo0MsgPendingCallback        0x080015b9   Thumb Code    90  del_can.o(i.HAL_CAN_RxFifo0MsgPendingCallback)
    HAL_CAN_RxFifo1FullCallback              0x080016ad   Thumb Code     2  stm32f1xx_hal_can.o(i.HAL_CAN_RxFifo1FullCallback)
    HAL_CAN_RxFifo1MsgPendingCallback        0x080016af   Thumb Code     2  stm32f1xx_hal_can.o(i.HAL_CAN_RxFifo1MsgPendingCallback)
    HAL_CAN_SleepCallback                    0x080016b1   Thumb Code     2  stm32f1xx_hal_can.o(i.HAL_CAN_SleepCallback)
    HAL_CAN_Start                            0x080016b5   Thumb Code    88  stm32f1xx_hal_can.o(i.HAL_CAN_Start)
    HAL_CAN_TxMailbox0AbortCallback          0x0800170d   Thumb Code     2  stm32f1xx_hal_can.o(i.HAL_CAN_TxMailbox0AbortCallback)
    HAL_CAN_TxMailbox0CompleteCallback       0x0800170f   Thumb Code     2  stm32f1xx_hal_can.o(i.HAL_CAN_TxMailbox0CompleteCallback)
    HAL_CAN_TxMailbox1AbortCallback          0x08001711   Thumb Code     2  stm32f1xx_hal_can.o(i.HAL_CAN_TxMailbox1AbortCallback)
    HAL_CAN_TxMailbox1CompleteCallback       0x08001713   Thumb Code     2  stm32f1xx_hal_can.o(i.HAL_CAN_TxMailbox1CompleteCallback)
    HAL_CAN_TxMailbox2AbortCallback          0x08001715   Thumb Code     2  stm32f1xx_hal_can.o(i.HAL_CAN_TxMailbox2AbortCallback)
    HAL_CAN_TxMailbox2CompleteCallback       0x08001717   Thumb Code     2  stm32f1xx_hal_can.o(i.HAL_CAN_TxMailbox2CompleteCallback)
    HAL_CAN_WakeUpFromRxMsgCallback          0x08001719   Thumb Code     2  stm32f1xx_hal_can.o(i.HAL_CAN_WakeUpFromRxMsgCallback)
    HAL_Delay                                0x0800171d   Thumb Code    32  stm32f1xx_hal.o(i.HAL_Delay)
    HAL_FLASHEx_Erase                        0x08001741   Thumb Code   160  stm32f1xx_hal_flash_ex.o(i.HAL_FLASHEx_Erase)
    HAL_FLASH_Program                        0x080017e9   Thumb Code   120  stm32f1xx_hal_flash.o(i.HAL_FLASH_Program)
    HAL_GPIO_Init                            0x08001869   Thumb Code   446  stm32f1xx_hal_gpio.o(i.HAL_GPIO_Init)
    HAL_GPIO_WritePin                        0x08001a49   Thumb Code    10  stm32f1xx_hal_gpio.o(i.HAL_GPIO_WritePin)
    HAL_GetTick                              0x08001a55   Thumb Code     6  stm32f1xx_hal.o(i.HAL_GetTick)
    HAL_IncTick                              0x08001a61   Thumb Code    12  stm32f1xx_hal.o(i.HAL_IncTick)
    HAL_Init                                 0x08001a71   Thumb Code    32  stm32f1xx_hal.o(i.HAL_Init)
    HAL_InitTick                             0x08001a95   Thumb Code    54  stm32f1xx_hal.o(i.HAL_InitTick)
    HAL_MspInit                              0x08001ad5   Thumb Code    52  stm32f1xx_hal_msp.o(i.HAL_MspInit)
    HAL_NVIC_EnableIRQ                       0x08001b11   Thumb Code    26  stm32f1xx_hal_cortex.o(i.HAL_NVIC_EnableIRQ)
    HAL_NVIC_SetPriority                     0x08001b2d   Thumb Code    60  stm32f1xx_hal_cortex.o(i.HAL_NVIC_SetPriority)
    HAL_NVIC_SetPriorityGrouping             0x08001b6d   Thumb Code    26  stm32f1xx_hal_cortex.o(i.HAL_NVIC_SetPriorityGrouping)
    HAL_RCC_ClockConfig                      0x08001b91   Thumb Code   280  stm32f1xx_hal_rcc.o(i.HAL_RCC_ClockConfig)
    HAL_RCC_GetPCLK1Freq                     0x08001cbd   Thumb Code    20  stm32f1xx_hal_rcc.o(i.HAL_RCC_GetPCLK1Freq)
    HAL_RCC_GetPCLK2Freq                     0x08001cdd   Thumb Code    20  stm32f1xx_hal_rcc.o(i.HAL_RCC_GetPCLK2Freq)
    HAL_RCC_GetSysClockFreq                  0x08001cfd   Thumb Code    80  stm32f1xx_hal_rcc.o(i.HAL_RCC_GetSysClockFreq)
    HAL_RCC_OscConfig                        0x08001d71   Thumb Code   778  stm32f1xx_hal_rcc.o(i.HAL_RCC_OscConfig)
    HAL_SPI_Init                             0x08002091   Thumb Code   178  stm32f1xx_hal_spi.o(i.HAL_SPI_Init)
    HAL_SPI_MspInit                          0x08002145   Thumb Code   112  spi.o(i.HAL_SPI_MspInit)
    HAL_SPI_TransmitReceive                  0x080021c5   Thumb Code   482  stm32f1xx_hal_spi.o(i.HAL_SPI_TransmitReceive)
    HAL_SYSTICK_Config                       0x080023a7   Thumb Code    40  stm32f1xx_hal_cortex.o(i.HAL_SYSTICK_Config)
    HAL_TIMEx_BreakCallback                  0x080023cf   Thumb Code     2  stm32f1xx_hal_tim_ex.o(i.HAL_TIMEx_BreakCallback)
    HAL_TIMEx_CommutCallback                 0x080023d1   Thumb Code     2  stm32f1xx_hal_tim_ex.o(i.HAL_TIMEx_CommutCallback)
    HAL_TIMEx_MasterConfigSynchronization    0x080023d5   Thumb Code    92  stm32f1xx_hal_tim_ex.o(i.HAL_TIMEx_MasterConfigSynchronization)
    HAL_TIM_Base_Init                        0x0800243d   Thumb Code    90  stm32f1xx_hal_tim.o(i.HAL_TIM_Base_Init)
    HAL_TIM_Base_MspInit                     0x08002499   Thumb Code    50  tim.o(i.HAL_TIM_Base_MspInit)
    HAL_TIM_Base_Start_IT                    0x080024d5   Thumb Code    76  stm32f1xx_hal_tim.o(i.HAL_TIM_Base_Start_IT)
    HAL_TIM_ConfigClockSource                0x0800252d   Thumb Code   214  stm32f1xx_hal_tim.o(i.HAL_TIM_ConfigClockSource)
    HAL_TIM_IC_CaptureCallback               0x08002603   Thumb Code     2  stm32f1xx_hal_tim.o(i.HAL_TIM_IC_CaptureCallback)
    HAL_TIM_IRQHandler                       0x08002605   Thumb Code   358  stm32f1xx_hal_tim.o(i.HAL_TIM_IRQHandler)
    HAL_TIM_MspPostInit                      0x0800276d   Thumb Code    82  tim.o(i.HAL_TIM_MspPostInit)
    HAL_TIM_OC_DelayElapsedCallback          0x080027cd   Thumb Code     2  stm32f1xx_hal_tim.o(i.HAL_TIM_OC_DelayElapsedCallback)
    HAL_TIM_PWM_ConfigChannel                0x080027cf   Thumb Code   198  stm32f1xx_hal_tim.o(i.HAL_TIM_PWM_ConfigChannel)
    HAL_TIM_PWM_Init                         0x08002895   Thumb Code    90  stm32f1xx_hal_tim.o(i.HAL_TIM_PWM_Init)
    HAL_TIM_PWM_MspInit                      0x080028f1   Thumb Code    30  tim.o(i.HAL_TIM_PWM_MspInit)
    HAL_TIM_PWM_PulseFinishedCallback        0x08002915   Thumb Code     2  stm32f1xx_hal_tim.o(i.HAL_TIM_PWM_PulseFinishedCallback)
    HAL_TIM_PWM_Start                        0x08002919   Thumb Code   144  stm32f1xx_hal_tim.o(i.HAL_TIM_PWM_Start)
    HAL_TIM_PeriodElapsedCallback            0x080029b5   Thumb Code    38  del_hal.o(i.HAL_TIM_PeriodElapsedCallback)
    HAL_TIM_TriggerCallback                  0x080029e5   Thumb Code     2  stm32f1xx_hal_tim.o(i.HAL_TIM_TriggerCallback)
    HAL_UART_Init                            0x080029e7   Thumb Code    98  stm32f1xx_hal_uart.o(i.HAL_UART_Init)
    HAL_UART_MspInit                         0x08002a49   Thumb Code   112  usart.o(i.HAL_UART_MspInit)
    HAL_UART_Transmit                        0x08002ac9   Thumb Code   178  stm32f1xx_hal_uart.o(i.HAL_UART_Transmit)
    HW_Elec_Init                             0x08002b7d   Thumb Code    22  at8236.o(i.HW_Elec_Init)
    HW_Elec_SetBrake                         0x08002b99   Thumb Code    38  at8236.o(i.HW_Elec_SetBrake)
    HW_Elec_SetDivideElec                    0x08002bc9   Thumb Code   150  at8236.o(i.HW_Elec_SetDivideElec)
    HW_Elec_SetSleep                         0x08002c6d   Thumb Code    38  at8236.o(i.HW_Elec_SetSleep)
    HardFault_Handler                        0x08002c9d   Thumb Code     2  stm32f1xx_it.o(i.HardFault_Handler)
    Led_Init                                 0x08002ca1   Thumb Code    14  del_led.o(i.Led_Init)
    Location_Interp_Capture_Goal             0x08002cb5   Thumb Code    50  location_interp.o(i.Location_Interp_Capture_Goal)
    Location_Interp_Init                     0x08002ced   Thumb Code    20  location_interp.o(i.Location_Interp_Init)
    Location_Interp_NewTask                  0x08002d05   Thumb Code    12  location_interp.o(i.Location_Interp_NewTask)
    Location_Tracker_Capture_Goal            0x08002d15   Thumb Code   458  location_tracker.o(i.Location_Tracker_Capture_Goal)
    Location_Tracker_Init                    0x08002ee5   Thumb Code    58  location_tracker.o(i.Location_Tracker_Init)
    Location_Tracker_NewTask                 0x08002f2d   Thumb Code    14  location_tracker.o(i.Location_Tracker_NewTask)
    Location_Tracker_Set_DownAcc             0x08002f41   Thumb Code    46  location_tracker.o(i.Location_Tracker_Set_DownAcc)
    Location_Tracker_Set_MaxSpeed            0x08002f79   Thumb Code    28  location_tracker.o(i.Location_Tracker_Set_MaxSpeed)
    Location_Tracker_Set_UpAcc               0x08002f9d   Thumb Code    28  location_tracker.o(i.Location_Tracker_Set_UpAcc)
    MT6816_Get_AngleData                     0x08002fc1   Thumb Code    28  mt6816.o(i.MT6816_Get_AngleData)
    MT6816_Init                              0x08002fe1   Thumb Code   104  mt6816.o(i.MT6816_Init)
    MT6816_SPI_Get_AngleData                 0x08003065   Thumb Code   176  mt6816.o(i.MT6816_SPI_Get_AngleData)
    MT6816_SPI_Signal_Init                   0x08003121   Thumb Code    18  mt6816.o(i.MT6816_SPI_Signal_Init)
    MX_CAN_Init                              0x0800313d   Thumb Code    60  can.o(i.MX_CAN_Init)
    MX_GPIO_Init                             0x08003181   Thumb Code   218  gpio.o(i.MX_GPIO_Init)
    MX_SPI1_Init                             0x0800326d   Thumb Code    68  spi.o(i.MX_SPI1_Init)
    MX_TIM2_Init                             0x080032b9   Thumb Code   122  tim.o(i.MX_TIM2_Init)
    MX_TIM3_Init                             0x08003339   Thumb Code    92  tim.o(i.MX_TIM3_Init)
    MX_USART1_UART_Init                      0x0800339d   Thumb Code    48  usart.o(i.MX_USART1_UART_Init)
    MemManage_Handler                        0x080033d5   Thumb Code     2  stm32f1xx_it.o(i.MemManage_Handler)
    Motor_Control_AdvanceCompen              0x080033d9   Thumb Code   150  motor_control.o(i.Motor_Control_AdvanceCompen)
    Motor_Control_Callback                   0x08003481   Thumb Code   960  motor_control.o(i.Motor_Control_Callback)
    Motor_Control_Clear_Integral             0x0800386d   Thumb Code    28  motor_control.o(i.Motor_Control_Clear_Integral)
    Motor_Control_Clear_Stall                0x0800388d   Thumb Code    12  motor_control.o(i.Motor_Control_Clear_Stall)
    Motor_Control_Init                       0x0800389d   Thumb Code   134  motor_control.o(i.Motor_Control_Init)
    Motor_Control_SetMotorMode               0x08003929   Thumb Code    10  motor_control.o(i.Motor_Control_SetMotorMode)
    Motor_Control_SetStallSwitch             0x08003939   Thumb Code    10  motor_control.o(i.Motor_Control_SetStallSwitch)
    Motor_MultiDebug_Location                0x08003949   Thumb Code    40  motor_control.o(i.Motor_MultiDebug_Location)
    Motor_MultiDebug_Speed                   0x08003975   Thumb Code    12  motor_control.o(i.Motor_MultiDebug_Speed)
    Move_Reconstruct_Capture_Goal            0x08003985   Thumb Code   252  move_reconstruct.o(i.Move_Reconstruct_Capture_Goal)
    Move_Reconstruct_Init                    0x08003a89   Thumb Code    50  move_reconstruct.o(i.Move_Reconstruct_Init)
    Move_Reconstruct_NewTask                 0x08003ac5   Thumb Code    18  move_reconstruct.o(i.Move_Reconstruct_NewTask)
    Move_Reconstruct_Set_DownAcc             0x08003add   Thumb Code    28  move_reconstruct.o(i.Move_Reconstruct_Set_DownAcc)
    Move_Reconstruct_Set_OverTime            0x08003b01   Thumb Code    26  move_reconstruct.o(i.Move_Reconstruct_Set_OverTime)
    NMI_Handler                              0x08003b21   Thumb Code     2  stm32f1xx_it.o(i.NMI_Handler)
    PendSV_Handler                           0x08003b23   Thumb Code     2  stm32f1xx_it.o(i.PendSV_Handler)
    SVC_Handler                              0x08003bfd   Thumb Code     2  stm32f1xx_it.o(i.SVC_Handler)
    Speed_Tracker_Capture_Goal               0x08003c01   Thumb Code   158  speed_tracker.o(i.Speed_Tracker_Capture_Goal)
    Speed_Tracker_Init                       0x08003ca5   Thumb Code    36  speed_tracker.o(i.Speed_Tracker_Init)
    Speed_Tracker_NewTask                    0x08003cd1   Thumb Code    10  speed_tracker.o(i.Speed_Tracker_NewTask)
    Speed_Tracker_Set_DownAcc                0x08003ce1   Thumb Code    28  speed_tracker.o(i.Speed_Tracker_Set_DownAcc)
    Speed_Tracker_Set_UpAcc                  0x08003d05   Thumb Code    28  speed_tracker.o(i.Speed_Tracker_Set_UpAcc)
    Stockpile_Flash_Data_Begin               0x08003d29   Thumb Code    16  flash_f1xx.o(i.Stockpile_Flash_Data_Begin)
    Stockpile_Flash_Data_Empty               0x08003d45   Thumb Code    62  flash_f1xx.o(i.Stockpile_Flash_Data_Empty)
    Stockpile_Flash_Data_End                 0x08003d91   Thumb Code    12  flash_f1xx.o(i.Stockpile_Flash_Data_End)
    Stockpile_Flash_Data_Write_Data16        0x08003da1   Thumb Code    68  flash_f1xx.o(i.Stockpile_Flash_Data_Write_Data16)
    SysTick_Handler                          0x08003de5   Thumb Code     4  stm32f1xx_it.o(i.SysTick_Handler)
    SystemClock_Config                       0x08003de9   Thumb Code    92  main.o(i.SystemClock_Config)
    SystemInit                               0x08003e45   Thumb Code     2  system_stm32f1xx.o(i.SystemInit)
    TIM3_IRQHandler                          0x08003e49   Thumb Code     6  stm32f1xx_it.o(i.TIM3_IRQHandler)
    TIM_Base_SetConfig                       0x08003e55   Thumb Code    94  stm32f1xx_hal_tim.o(i.TIM_Base_SetConfig)
    TIM_CCxChannelCmd                        0x08003ec1   Thumb Code    26  stm32f1xx_hal_tim.o(i.TIM_CCxChannelCmd)
    TIM_ETR_SetConfig                        0x08003edb   Thumb Code    20  stm32f1xx_hal_tim.o(i.TIM_ETR_SetConfig)
    TIM_OC2_SetConfig                        0x08003f51   Thumb Code    84  stm32f1xx_hal_tim.o(i.TIM_OC2_SetConfig)
    USB_LP_CAN1_RX0_IRQHandler               0x080041a9   Thumb Code     6  stm32f1xx_it.o(i.USB_LP_CAN1_RX0_IRQHandler)
    UsageFault_Handler                       0x080041b5   Thumb Code     2  stm32f1xx_it.o(i.UsageFault_Handler)
    __0printf$8                              0x080041b9   Thumb Code    22  printf8.o(i.__0printf$8)
    __1printf$8                              0x080041b9   Thumb Code     0  printf8.o(i.__0printf$8)
    __2printf                                0x080041b9   Thumb Code     0  printf8.o(i.__0printf$8)
    __scatterload_copy                       0x080041f9   Thumb Code    14  handlers.o(i.__scatterload_copy)
    __scatterload_null                       0x08004207   Thumb Code     2  handlers.o(i.__scatterload_null)
    __scatterload_zeroinit                   0x08004209   Thumb Code    14  handlers.o(i.__scatterload_zeroinit)
    fputc                                    0x08004671   Thumb Code    20  del_hal.o(i.fputc)
    main                                     0x08004689   Thumb Code    42  main.o(i.main)
    AHBPrescTable                            0x080046b2   Data          16  system_stm32f1xx.o(.constdata)
    APBPrescTable                            0x080046c2   Data           8  system_stm32f1xx.o(.constdata)
    sin_pi_m2                                0x080046ca   Data        2050  sine_form.o(.constdata)
    Region$$Table$$Base                      0x08004ecc   Number         0  anon$$obj.o(Region$$Table)
    Region$$Table$$Limit                     0x08004eec   Number         0  anon$$obj.o(Region$$Table)
    uwTickFreq                               0x20000000   Data           1  stm32f1xx_hal.o(.data)
    uwTickPrio                               0x20000004   Data           4  stm32f1xx_hal.o(.data)
    uwTick                                   0x20000008   Data           4  stm32f1xx_hal.o(.data)
    SystemCoreClock                          0x2000000c   Data           4  system_stm32f1xx.o(.data)
    stockpile_quick_cali                     0x20000010   Data          16  flash_f1xx.o(.data)
    Read_QuickCali_DATA                      0x20000020   Data           4  mt6816.o(.data)
    mt6816_spi                               0x20000024   Data           6  mt6816.o(.data)
    mt6816                                   0x2000002a   Data           6  mt6816.o(.data)
    coil_a                                   0x20000030   Data           6  at8236.o(.data)
    coil_b                                   0x20000036   Data           6  at8236.o(.data)
    goal_debug                               0x20000040   Data           4  motor_control.o(.data)
    goal_c_debug                             0x20000044   Data           4  motor_control.o(.data)
    goal_v_debug                             0x20000048   Data           4  motor_control.o(.data)
    __stdout                                 0x2000004c   Data           4  stdout.o(.data)
    hcan                                     0x20000050   Data          40  can.o(.bss)
    hspi1                                    0x20000078   Data          88  spi.o(.bss)
    htim2                                    0x200000d0   Data          72  tim.o(.bss)
    htim3                                    0x20000118   Data          72  tim.o(.bss)
    huart1                                   0x20000160   Data          68  usart.o(.bss)
    pFlash                                   0x200001a8   Data          32  stm32f1xx_hal_flash.o(.bss)
    encode_cali                              0x200001fc   Data         868  encoder_cali.o(.bss)
    pid                                      0x20000560   Data          48  motor_control.o(.bss)
    dce                                      0x20000590   Data          56  motor_control.o(.bss)
    mc_debug                                 0x200005c8   Data          12  motor_control.o(.bss)
    motor_control                            0x200005d4   Data         100  motor_control.o(.bss)
    current_tck                              0x20000638   Data          28  current_tracker.o(.bss)
    location_interp                          0x20000654   Data          28  location_interp.o(.bss)
    location_tck                             0x20000670   Data          56  location_tracker.o(.bss)
    move_reco                                0x200006a8   Data          56  move_reconstruct.o(.bss)
    speed_tck                                0x200006e0   Data          28  speed_tracker.o(.bss)
    __initial_sp                             0x20000b00   Data           0  startup_stm32f103xb.o(STACK)



==============================================================================

Memory Map of the image

  Image Entry point : 0x080000ed

  Load Region LR_IROM1 (Base: 0x08000000, Size: 0x00004f3c, Max: 0x00020000, ABSOLUTE)

    Execution Region ER_IROM1 (Exec base: 0x08000000, Load base: 0x08000000, Size: 0x00004eec, Max: 0x00020000, ABSOLUTE)

    Exec Addr    Load Addr    Size         Type   Attr      Idx    E Section Name        Object

    0x08000000   0x08000000   0x000000ec   Data   RO            3    RESET               startup_stm32f103xb.o
    0x080000ec   0x080000ec   0x00000000   Code   RO         4363  * .ARM.Collect$$$$00000000  mc_w.l(entry.o)
    0x080000ec   0x080000ec   0x00000004   Code   RO         4639    .ARM.Collect$$$$00000001  mc_w.l(entry2.o)
    0x080000f0   0x080000f0   0x00000004   Code   RO         4642    .ARM.Collect$$$$00000004  mc_w.l(entry5.o)
    0x080000f4   0x080000f4   0x00000000   Code   RO         4644    .ARM.Collect$$$$00000008  mc_w.l(entry7b.o)
    0x080000f4   0x080000f4   0x00000000   Code   RO         4646    .ARM.Collect$$$$0000000A  mc_w.l(entry8b.o)
    0x080000f4   0x080000f4   0x00000008   Code   RO         4647    .ARM.Collect$$$$0000000B  mc_w.l(entry9a.o)
    0x080000fc   0x080000fc   0x00000004   Code   RO         4654    .ARM.Collect$$$$0000000E  mc_w.l(entry12b.o)
    0x08000100   0x08000100   0x00000000   Code   RO         4649    .ARM.Collect$$$$0000000F  mc_w.l(entry10a.o)
    0x08000100   0x08000100   0x00000000   Code   RO         4651    .ARM.Collect$$$$00000011  mc_w.l(entry11a.o)
    0x08000100   0x08000100   0x00000004   Code   RO         4640    .ARM.Collect$$$$00002712  mc_w.l(entry2.o)
    0x08000104   0x08000104   0x00000024   Code   RO            4    .text               startup_stm32f103xb.o
    0x08000128   0x08000128   0x00000020   Code   RO         4366    .text               mc_w.l(llushr.o)
    0x08000148   0x08000148   0x00000024   Code   RO         4368    .text               mc_w.l(memseta.o)
    0x0800016c   0x0800016c   0x00000064   Code   RO         4631    .text               mf_w.l(fmul.o)
    0x080001d0   0x080001d0   0x0000007c   Code   RO         4633    .text               mf_w.l(fdiv.o)
    0x0800024c   0x0800024c   0x00000012   Code   RO         4635    .text               mf_w.l(fflti.o)
    0x0800025e   0x0800025e   0x00000032   Code   RO         4637    .text               mf_w.l(ffixi.o)
    0x08000290   0x08000290   0x00000062   Code   RO         4658    .text               mc_w.l(uldiv.o)
    0x080002f2   0x080002f2   0x00000000   Code   RO         4660    .text               mc_w.l(iusefp.o)
    0x080002f2   0x080002f2   0x0000006e   Code   RO         4661    .text               mf_w.l(fepilogue.o)
    0x08000360   0x08000360   0x00000024   Code   RO         4673    .text               mc_w.l(init.o)
    0x08000384   0x08000384   0x0000001e   Code   RO         4675    .text               mc_w.l(llshl.o)
    0x080003a2   0x080003a2   0x00000002   Code   RO          440    i.BusFault_Handler  stm32f1xx_it.o
    0x080003a4   0x080003a4   0x00000034   Code   RO         3568    i.CANFilter_Config  del_can.o
    0x080003d8   0x080003d8   0x0000002c   Code   RO         3570    i.CAN_Start_Init    del_can.o
    0x08000404   0x08000404   0x00000170   Code   RO         3727    i.Calibration_Data_Check  encoder_cali.o
    0x08000574   0x08000574   0x00000020   Code   RO         3728    i.Calibration_Init  encoder_cali.o
    0x08000594   0x08000594   0x0000015c   Code   RO         3729    i.Calibration_Interrupt_Callback  encoder_cali.o
    0x080006f0   0x080006f0   0x00000264   Code   RO         3730    i.Calibration_Loop_Callback  encoder_cali.o
    0x08000954   0x08000954   0x00000024   Code   RO         3870    i.Control_Cur_To_Electric  motor_control.o
    0x08000978   0x08000978   0x00000048   Code   RO         3871    i.Control_DCE_Init  motor_control.o
    0x080009c0   0x080009c0   0x00000018   Code   RO         3872    i.Control_DCE_SetKD  motor_control.o
    0x080009d8   0x080009d8   0x00000018   Code   RO         3873    i.Control_DCE_SetKI  motor_control.o
    0x080009f0   0x080009f0   0x00000018   Code   RO         3874    i.Control_DCE_SetKP  motor_control.o
    0x08000a08   0x08000a08   0x00000018   Code   RO         3875    i.Control_DCE_SetKV  motor_control.o
    0x08000a20   0x08000a20   0x000000b0   Code   RO         3877    i.Control_DCE_To_Electric  motor_control.o
    0x08000ad0   0x08000ad0   0x0000003c   Code   RO         3878    i.Control_PID_Init  motor_control.o
    0x08000b0c   0x08000b0c   0x00000018   Code   RO         3879    i.Control_PID_SetKD  motor_control.o
    0x08000b24   0x08000b24   0x00000018   Code   RO         3880    i.Control_PID_SetKI  motor_control.o
    0x08000b3c   0x08000b3c   0x00000018   Code   RO         3881    i.Control_PID_SetKP  motor_control.o
    0x08000b54   0x08000b54   0x0000009c   Code   RO         3883    i.Control_PID_To_Electric  motor_control.o
    0x08000bf0   0x08000bf0   0x00000014   Code   RO         3801    i.CurrentControl_VREF_12Bit_MixOut  at8236.o
    0x08000c04   0x08000c04   0x000000a4   Code   RO         4082    i.Current_Tracker_Capture_Goal  current_tracker.o
    0x08000ca8   0x08000ca8   0x0000002c   Code   RO         4083    i.Current_Tracker_Init  current_tracker.o
    0x08000cd4   0x08000cd4   0x00000010   Code   RO         4084    i.Current_Tracker_NewTask  current_tracker.o
    0x08000ce4   0x08000ce4   0x00000024   Code   RO         4086    i.Current_Tracker_Set_DownRate  current_tracker.o
    0x08000d08   0x08000d08   0x00000024   Code   RO         4087    i.Current_Tracker_Set_UpRate  current_tracker.o
    0x08000d2c   0x08000d2c   0x00000024   Code   RO         3731    i.CycleAverage      encoder_cali.o
    0x08000d50   0x08000d50   0x00000046   Code   RO         3732    i.CycleDataAverage  encoder_cali.o
    0x08000d96   0x08000d96   0x0000000c   Code   RO         3733    i.CycleRem          encoder_cali.o
    0x08000da2   0x08000da2   0x00000016   Code   RO         3734    i.CycleSub          encoder_cali.o
    0x08000db8   0x08000db8   0x00000002   Code   RO          441    i.DebugMon_Handler  stm32f1xx_it.o
    0x08000dba   0x08000dba   0x00000002   PAD
    0x08000dbc   0x08000dbc   0x000000dc   Code   RO         3487    i.Del_Init          del_hal.o
    0x08000e98   0x08000e98   0x0000005c   Code   RO         3488    i.Del_Update        del_hal.o
    0x08000ef4   0x08000ef4   0x00000004   Code   RO           13    i.Error_Handler     main.o
    0x08000ef8   0x08000ef8   0x00000024   Code   RO         1640    i.FLASH_MassErase   stm32f1xx_hal_flash_ex.o
    0x08000f1c   0x08000f1c   0x00000024   Code   RO         1645    i.FLASH_PageErase   stm32f1xx_hal_flash_ex.o
    0x08000f40   0x08000f40   0x0000001c   Code   RO         1537    i.FLASH_Program_HalfWord  stm32f1xx_hal_flash.o
    0x08000f5c   0x08000f5c   0x0000005c   Code   RO         1538    i.FLASH_SetErrorCode  stm32f1xx_hal_flash.o
    0x08000fb8   0x08000fb8   0x00000054   Code   RO         1539    i.FLASH_WaitForLastOperation  stm32f1xx_hal_flash.o
    0x0800100c   0x0800100c   0x00000024   Code   RO          589    i.HAL_CAN_ActivateNotification  stm32f1xx_hal_can.o
    0x08001030   0x08001030   0x000000ee   Code   RO          591    i.HAL_CAN_ConfigFilter  stm32f1xx_hal_can.o
    0x0800111e   0x0800111e   0x00000002   Code   RO          594    i.HAL_CAN_ErrorCallback  stm32f1xx_hal_can.o
    0x08001120   0x08001120   0x000000e8   Code   RO          597    i.HAL_CAN_GetRxMessage  stm32f1xx_hal_can.o
    0x08001208   0x08001208   0x000001fc   Code   RO          601    i.HAL_CAN_IRQHandler  stm32f1xx_hal_can.o
    0x08001404   0x08001404   0x0000011a   Code   RO          602    i.HAL_CAN_Init      stm32f1xx_hal_can.o
    0x0800151e   0x0800151e   0x00000002   PAD
    0x08001520   0x08001520   0x00000094   Code   RO          249    i.HAL_CAN_MspInit   can.o
    0x080015b4   0x080015b4   0x00000002   Code   RO          609    i.HAL_CAN_RxFifo0FullCallback  stm32f1xx_hal_can.o
    0x080015b6   0x080015b6   0x00000002   PAD
    0x080015b8   0x080015b8   0x000000f4   Code   RO         3571    i.HAL_CAN_RxFifo0MsgPendingCallback  del_can.o
    0x080016ac   0x080016ac   0x00000002   Code   RO          611    i.HAL_CAN_RxFifo1FullCallback  stm32f1xx_hal_can.o
    0x080016ae   0x080016ae   0x00000002   Code   RO          612    i.HAL_CAN_RxFifo1MsgPendingCallback  stm32f1xx_hal_can.o
    0x080016b0   0x080016b0   0x00000002   Code   RO          613    i.HAL_CAN_SleepCallback  stm32f1xx_hal_can.o
    0x080016b2   0x080016b2   0x00000002   PAD
    0x080016b4   0x080016b4   0x00000058   Code   RO          614    i.HAL_CAN_Start     stm32f1xx_hal_can.o
    0x0800170c   0x0800170c   0x00000002   Code   RO          616    i.HAL_CAN_TxMailbox0AbortCallback  stm32f1xx_hal_can.o
    0x0800170e   0x0800170e   0x00000002   Code   RO          617    i.HAL_CAN_TxMailbox0CompleteCallback  stm32f1xx_hal_can.o
    0x08001710   0x08001710   0x00000002   Code   RO          618    i.HAL_CAN_TxMailbox1AbortCallback  stm32f1xx_hal_can.o
    0x08001712   0x08001712   0x00000002   Code   RO          619    i.HAL_CAN_TxMailbox1CompleteCallback  stm32f1xx_hal_can.o
    0x08001714   0x08001714   0x00000002   Code   RO          620    i.HAL_CAN_TxMailbox2AbortCallback  stm32f1xx_hal_can.o
    0x08001716   0x08001716   0x00000002   Code   RO          621    i.HAL_CAN_TxMailbox2CompleteCallback  stm32f1xx_hal_can.o
    0x08001718   0x08001718   0x00000002   Code   RO          623    i.HAL_CAN_WakeUpFromRxMsgCallback  stm32f1xx_hal_can.o
    0x0800171a   0x0800171a   0x00000002   PAD
    0x0800171c   0x0800171c   0x00000024   Code   RO          829    i.HAL_Delay         stm32f1xx_hal.o
    0x08001740   0x08001740   0x000000a8   Code   RO         1646    i.HAL_FLASHEx_Erase  stm32f1xx_hal_flash_ex.o
    0x080017e8   0x080017e8   0x00000080   Code   RO         1548    i.HAL_FLASH_Program  stm32f1xx_hal_flash.o
    0x08001868   0x08001868   0x000001e0   Code   RO         1137    i.HAL_GPIO_Init     stm32f1xx_hal_gpio.o
    0x08001a48   0x08001a48   0x0000000a   Code   RO         1141    i.HAL_GPIO_WritePin  stm32f1xx_hal_gpio.o
    0x08001a52   0x08001a52   0x00000002   PAD
    0x08001a54   0x08001a54   0x0000000c   Code   RO          833    i.HAL_GetTick       stm32f1xx_hal.o
    0x08001a60   0x08001a60   0x00000010   Code   RO          839    i.HAL_IncTick       stm32f1xx_hal.o
    0x08001a70   0x08001a70   0x00000024   Code   RO          840    i.HAL_Init          stm32f1xx_hal.o
    0x08001a94   0x08001a94   0x00000040   Code   RO          841    i.HAL_InitTick      stm32f1xx_hal.o
    0x08001ad4   0x08001ad4   0x0000003c   Code   RO          528    i.HAL_MspInit       stm32f1xx_hal_msp.o
    0x08001b10   0x08001b10   0x0000001a   Code   RO         1297    i.HAL_NVIC_EnableIRQ  stm32f1xx_hal_cortex.o
    0x08001b2a   0x08001b2a   0x00000002   PAD
    0x08001b2c   0x08001b2c   0x00000040   Code   RO         1303    i.HAL_NVIC_SetPriority  stm32f1xx_hal_cortex.o
    0x08001b6c   0x08001b6c   0x00000024   Code   RO         1304    i.HAL_NVIC_SetPriorityGrouping  stm32f1xx_hal_cortex.o
    0x08001b90   0x08001b90   0x0000012c   Code   RO          997    i.HAL_RCC_ClockConfig  stm32f1xx_hal_rcc.o
    0x08001cbc   0x08001cbc   0x00000020   Code   RO         1004    i.HAL_RCC_GetPCLK1Freq  stm32f1xx_hal_rcc.o
    0x08001cdc   0x08001cdc   0x00000020   Code   RO         1005    i.HAL_RCC_GetPCLK2Freq  stm32f1xx_hal_rcc.o
    0x08001cfc   0x08001cfc   0x00000074   Code   RO         1006    i.HAL_RCC_GetSysClockFreq  stm32f1xx_hal_rcc.o
    0x08001d70   0x08001d70   0x00000320   Code   RO         1009    i.HAL_RCC_OscConfig  stm32f1xx_hal_rcc.o
    0x08002090   0x08002090   0x000000b2   Code   RO         1808    i.HAL_SPI_Init      stm32f1xx_hal_spi.o
    0x08002142   0x08002142   0x00000002   PAD
    0x08002144   0x08002144   0x00000080   Code   RO          291    i.HAL_SPI_MspInit   spi.o
    0x080021c4   0x080021c4   0x000001e2   Code   RO         1817    i.HAL_SPI_TransmitReceive  stm32f1xx_hal_spi.o
    0x080023a6   0x080023a6   0x00000028   Code   RO         1308    i.HAL_SYSTICK_Config  stm32f1xx_hal_cortex.o
    0x080023ce   0x080023ce   0x00000002   Code   RO         2825    i.HAL_TIMEx_BreakCallback  stm32f1xx_hal_tim_ex.o
    0x080023d0   0x080023d0   0x00000002   Code   RO         2826    i.HAL_TIMEx_CommutCallback  stm32f1xx_hal_tim_ex.o
    0x080023d2   0x080023d2   0x00000002   PAD
    0x080023d4   0x080023d4   0x00000068   Code   RO         2844    i.HAL_TIMEx_MasterConfigSynchronization  stm32f1xx_hal_tim_ex.o
    0x0800243c   0x0800243c   0x0000005a   Code   RO         2121    i.HAL_TIM_Base_Init  stm32f1xx_hal_tim.o
    0x08002496   0x08002496   0x00000002   PAD
    0x08002498   0x08002498   0x0000003c   Code   RO          333    i.HAL_TIM_Base_MspInit  tim.o
    0x080024d4   0x080024d4   0x00000058   Code   RO         2126    i.HAL_TIM_Base_Start_IT  stm32f1xx_hal_tim.o
    0x0800252c   0x0800252c   0x000000d6   Code   RO         2130    i.HAL_TIM_ConfigClockSource  stm32f1xx_hal_tim.o
    0x08002602   0x08002602   0x00000002   Code   RO         2155    i.HAL_TIM_IC_CaptureCallback  stm32f1xx_hal_tim.o
    0x08002604   0x08002604   0x00000166   Code   RO         2169    i.HAL_TIM_IRQHandler  stm32f1xx_hal_tim.o
    0x0800276a   0x0800276a   0x00000002   PAD
    0x0800276c   0x0800276c   0x00000060   Code   RO          334    i.HAL_TIM_MspPostInit  tim.o
    0x080027cc   0x080027cc   0x00000002   Code   RO         2172    i.HAL_TIM_OC_DelayElapsedCallback  stm32f1xx_hal_tim.o
    0x080027ce   0x080027ce   0x000000c6   Code   RO         2193    i.HAL_TIM_PWM_ConfigChannel  stm32f1xx_hal_tim.o
    0x08002894   0x08002894   0x0000005a   Code   RO         2196    i.HAL_TIM_PWM_Init  stm32f1xx_hal_tim.o
    0x080028ee   0x080028ee   0x00000002   PAD
    0x080028f0   0x080028f0   0x00000024   Code   RO          336    i.HAL_TIM_PWM_MspInit  tim.o
    0x08002914   0x08002914   0x00000002   Code   RO         2199    i.HAL_TIM_PWM_PulseFinishedCallback  stm32f1xx_hal_tim.o
    0x08002916   0x08002916   0x00000002   PAD
    0x08002918   0x08002918   0x0000009c   Code   RO         2201    i.HAL_TIM_PWM_Start  stm32f1xx_hal_tim.o
    0x080029b4   0x080029b4   0x00000030   Code   RO         3489    i.HAL_TIM_PeriodElapsedCallback  del_hal.o
    0x080029e4   0x080029e4   0x00000002   Code   RO         2212    i.HAL_TIM_TriggerCallback  stm32f1xx_hal_tim.o
    0x080029e6   0x080029e6   0x00000062   Code   RO         3121    i.HAL_UART_Init     stm32f1xx_hal_uart.o
    0x08002a48   0x08002a48   0x00000080   Code   RO          399    i.HAL_UART_MspInit  usart.o
    0x08002ac8   0x08002ac8   0x000000b2   Code   RO         3129    i.HAL_UART_Transmit  stm32f1xx_hal_uart.o
    0x08002b7a   0x08002b7a   0x00000002   PAD
    0x08002b7c   0x08002b7c   0x0000001c   Code   RO         3802    i.HW_Elec_Init      at8236.o
    0x08002b98   0x08002b98   0x00000030   Code   RO         3803    i.HW_Elec_SetBrake  at8236.o
    0x08002bc8   0x08002bc8   0x000000a4   Code   RO         3804    i.HW_Elec_SetDivideElec  at8236.o
    0x08002c6c   0x08002c6c   0x00000030   Code   RO         3805    i.HW_Elec_SetSleep  at8236.o
    0x08002c9c   0x08002c9c   0x00000002   Code   RO          442    i.HardFault_Handler  stm32f1xx_it.o
    0x08002c9e   0x08002c9e   0x00000002   PAD
    0x08002ca0   0x08002ca0   0x00000014   Code   RO         3544    i.Led_Init          del_led.o
    0x08002cb4   0x08002cb4   0x00000038   Code   RO         4141    i.Location_Interp_Capture_Goal  location_interp.o
    0x08002cec   0x08002cec   0x00000018   Code   RO         4142    i.Location_Interp_Init  location_interp.o
    0x08002d04   0x08002d04   0x00000010   Code   RO         4143    i.Location_Interp_NewTask  location_interp.o
    0x08002d14   0x08002d14   0x000001d0   Code   RO         4183    i.Location_Tracker_Capture_Goal  location_tracker.o
    0x08002ee4   0x08002ee4   0x00000048   Code   RO         4184    i.Location_Tracker_Init  location_tracker.o
    0x08002f2c   0x08002f2c   0x00000014   Code   RO         4185    i.Location_Tracker_NewTask  location_tracker.o
    0x08002f40   0x08002f40   0x00000038   Code   RO         4187    i.Location_Tracker_Set_DownAcc  location_tracker.o
    0x08002f78   0x08002f78   0x00000024   Code   RO         4188    i.Location_Tracker_Set_MaxSpeed  location_tracker.o
    0x08002f9c   0x08002f9c   0x00000024   Code   RO         4189    i.Location_Tracker_Set_UpAcc  location_tracker.o
    0x08002fc0   0x08002fc0   0x00000020   Code   RO         3680    i.MT6816_Get_AngleData  mt6816.o
    0x08002fe0   0x08002fe0   0x00000084   Code   RO         3681    i.MT6816_Init       mt6816.o
    0x08003064   0x08003064   0x000000bc   Code   RO         3682    i.MT6816_SPI_Get_AngleData  mt6816.o
    0x08003120   0x08003120   0x0000001c   Code   RO         3683    i.MT6816_SPI_Signal_Init  mt6816.o
    0x0800313c   0x0800313c   0x00000044   Code   RO          250    i.MX_CAN_Init       can.o
    0x08003180   0x08003180   0x000000ec   Code   RO          224    i.MX_GPIO_Init      gpio.o
    0x0800326c   0x0800326c   0x0000004c   Code   RO          292    i.MX_SPI1_Init      spi.o
    0x080032b8   0x080032b8   0x00000080   Code   RO          337    i.MX_TIM2_Init      tim.o
    0x08003338   0x08003338   0x00000064   Code   RO          338    i.MX_TIM3_Init      tim.o
    0x0800339c   0x0800339c   0x00000038   Code   RO          400    i.MX_USART1_UART_Init  usart.o
    0x080033d4   0x080033d4   0x00000002   Code   RO          443    i.MemManage_Handler  stm32f1xx_it.o
    0x080033d6   0x080033d6   0x00000002   PAD
    0x080033d8   0x080033d8   0x000000a8   Code   RO         3884    i.Motor_Control_AdvanceCompen  motor_control.o
    0x08003480   0x08003480   0x000003ec   Code   RO         3885    i.Motor_Control_Callback  motor_control.o
    0x0800386c   0x0800386c   0x00000020   Code   RO         3886    i.Motor_Control_Clear_Integral  motor_control.o
    0x0800388c   0x0800388c   0x00000010   Code   RO         3887    i.Motor_Control_Clear_Stall  motor_control.o
    0x0800389c   0x0800389c   0x0000008c   Code   RO         3888    i.Motor_Control_Init  motor_control.o
    0x08003928   0x08003928   0x00000010   Code   RO         3890    i.Motor_Control_SetMotorMode  motor_control.o
    0x08003938   0x08003938   0x00000010   Code   RO         3891    i.Motor_Control_SetStallSwitch  motor_control.o
    0x08003948   0x08003948   0x0000002c   Code   RO         3897    i.Motor_MultiDebug_Location  motor_control.o
    0x08003974   0x08003974   0x00000010   Code   RO         3898    i.Motor_MultiDebug_Speed  motor_control.o
    0x08003984   0x08003984   0x00000104   Code   RO         4248    i.Move_Reconstruct_Capture_Goal  move_reconstruct.o
    0x08003a88   0x08003a88   0x0000003c   Code   RO         4249    i.Move_Reconstruct_Init  move_reconstruct.o
    0x08003ac4   0x08003ac4   0x00000018   Code   RO         4250    i.Move_Reconstruct_NewTask  move_reconstruct.o
    0x08003adc   0x08003adc   0x00000024   Code   RO         4252    i.Move_Reconstruct_Set_DownAcc  move_reconstruct.o
    0x08003b00   0x08003b00   0x00000020   Code   RO         4253    i.Move_Reconstruct_Set_OverTime  move_reconstruct.o
    0x08003b20   0x08003b20   0x00000002   Code   RO          444    i.NMI_Handler       stm32f1xx_it.o
    0x08003b22   0x08003b22   0x00000002   Code   RO          445    i.PendSV_Handler    stm32f1xx_it.o
    0x08003b24   0x08003b24   0x00000020   Code   RO         1846    i.SPI_EndRxTxTransaction  stm32f1xx_hal_spi.o
    0x08003b44   0x08003b44   0x000000b8   Code   RO         1851    i.SPI_WaitFlagStateUntilTimeout  stm32f1xx_hal_spi.o
    0x08003bfc   0x08003bfc   0x00000002   Code   RO          446    i.SVC_Handler       stm32f1xx_it.o
    0x08003bfe   0x08003bfe   0x00000002   PAD
    0x08003c00   0x08003c00   0x000000a4   Code   RO         4307    i.Speed_Tracker_Capture_Goal  speed_tracker.o
    0x08003ca4   0x08003ca4   0x0000002c   Code   RO         4308    i.Speed_Tracker_Init  speed_tracker.o
    0x08003cd0   0x08003cd0   0x00000010   Code   RO         4309    i.Speed_Tracker_NewTask  speed_tracker.o
    0x08003ce0   0x08003ce0   0x00000024   Code   RO         4311    i.Speed_Tracker_Set_DownAcc  speed_tracker.o
    0x08003d04   0x08003d04   0x00000024   Code   RO         4312    i.Speed_Tracker_Set_UpAcc  speed_tracker.o
    0x08003d28   0x08003d28   0x0000001c   Code   RO         3612    i.Stockpile_Flash_Data_Begin  flash_f1xx.o
    0x08003d44   0x08003d44   0x0000004c   Code   RO         3613    i.Stockpile_Flash_Data_Empty  flash_f1xx.o
    0x08003d90   0x08003d90   0x00000010   Code   RO         3614    i.Stockpile_Flash_Data_End  flash_f1xx.o
    0x08003da0   0x08003da0   0x00000044   Code   RO         3616    i.Stockpile_Flash_Data_Write_Data16  flash_f1xx.o
    0x08003de4   0x08003de4   0x00000004   Code   RO          447    i.SysTick_Handler   stm32f1xx_it.o
    0x08003de8   0x08003de8   0x0000005c   Code   RO           14    i.SystemClock_Config  main.o
    0x08003e44   0x08003e44   0x00000002   Code   RO         3450    i.SystemInit        system_stm32f1xx.o
    0x08003e46   0x08003e46   0x00000002   PAD
    0x08003e48   0x08003e48   0x0000000c   Code   RO          448    i.TIM3_IRQHandler   stm32f1xx_it.o
    0x08003e54   0x08003e54   0x0000006c   Code   RO         2214    i.TIM_Base_SetConfig  stm32f1xx_hal_tim.o
    0x08003ec0   0x08003ec0   0x0000001a   Code   RO         2215    i.TIM_CCxChannelCmd  stm32f1xx_hal_tim.o
    0x08003eda   0x08003eda   0x00000014   Code   RO         2225    i.TIM_ETR_SetConfig  stm32f1xx_hal_tim.o
    0x08003eee   0x08003eee   0x00000010   Code   RO         2226    i.TIM_ITRx_SetConfig  stm32f1xx_hal_tim.o
    0x08003efe   0x08003efe   0x00000002   PAD
    0x08003f00   0x08003f00   0x00000050   Code   RO         2227    i.TIM_OC1_SetConfig  stm32f1xx_hal_tim.o
    0x08003f50   0x08003f50   0x00000058   Code   RO         2228    i.TIM_OC2_SetConfig  stm32f1xx_hal_tim.o
    0x08003fa8   0x08003fa8   0x00000058   Code   RO         2229    i.TIM_OC3_SetConfig  stm32f1xx_hal_tim.o
    0x08004000   0x08004000   0x00000044   Code   RO         2230    i.TIM_OC4_SetConfig  stm32f1xx_hal_tim.o
    0x08004044   0x08004044   0x00000022   Code   RO         2232    i.TIM_TI1_ConfigInputStage  stm32f1xx_hal_tim.o
    0x08004066   0x08004066   0x00000024   Code   RO         2234    i.TIM_TI2_ConfigInputStage  stm32f1xx_hal_tim.o
    0x0800408a   0x0800408a   0x00000002   PAD
    0x0800408c   0x0800408c   0x000000b8   Code   RO         3147    i.UART_SetConfig    stm32f1xx_hal_uart.o
    0x08004144   0x08004144   0x00000064   Code   RO         3150    i.UART_WaitOnFlagUntilTimeout  stm32f1xx_hal_uart.o
    0x080041a8   0x080041a8   0x0000000c   Code   RO          449    i.USB_LP_CAN1_RX0_IRQHandler  stm32f1xx_it.o
    0x080041b4   0x080041b4   0x00000002   Code   RO          450    i.UsageFault_Handler  stm32f1xx_it.o
    0x080041b6   0x080041b6   0x00000002   PAD
    0x080041b8   0x080041b8   0x00000020   Code   RO         4577    i.__0printf$8       mc_w.l(printf8.o)
    0x080041d8   0x080041d8   0x00000020   Code   RO         1310    i.__NVIC_SetPriority  stm32f1xx_hal_cortex.o
    0x080041f8   0x080041f8   0x0000000e   Code   RO         4683    i.__scatterload_copy  mc_w.l(handlers.o)
    0x08004206   0x08004206   0x00000002   Code   RO         4684    i.__scatterload_null  mc_w.l(handlers.o)
    0x08004208   0x08004208   0x0000000e   Code   RO         4685    i.__scatterload_zeroinit  mc_w.l(handlers.o)
    0x08004216   0x08004216   0x00000002   PAD
    0x08004218   0x08004218   0x00000404   Code   RO         4584    i._printf_core      mc_w.l(printf8.o)
    0x0800461c   0x0800461c   0x00000024   Code   RO         4585    i._printf_post_padding  mc_w.l(printf8.o)
    0x08004640   0x08004640   0x0000002e   Code   RO         4586    i._printf_pre_padding  mc_w.l(printf8.o)
    0x0800466e   0x0800466e   0x00000002   PAD
    0x08004670   0x08004670   0x00000018   Code   RO         3490    i.fputc             del_hal.o
    0x08004688   0x08004688   0x0000002a   Code   RO           15    i.main              main.o
    0x080046b2   0x080046b2   0x00000010   Data   RO         3451    .constdata          system_stm32f1xx.o
    0x080046c2   0x080046c2   0x00000008   Data   RO         3452    .constdata          system_stm32f1xx.o
    0x080046ca   0x080046ca   0x00000802   Data   RO         3855    .constdata          sine_form.o
    0x08004ecc   0x08004ecc   0x00000020   Data   RO         4681    Region$$Table       anon$$obj.o


    Execution Region RW_IRAM1 (Exec base: 0x20000000, Load base: 0x08004eec, Size: 0x00000b00, Max: 0x00005000, ABSOLUTE)

    Exec Addr    Load Addr    Size         Type   Attr      Idx    E Section Name        Object

    0x20000000   0x08004eec   0x0000000c   Data   RW          847    .data               stm32f1xx_hal.o
    0x2000000c   0x08004ef8   0x00000004   Data   RW         3453    .data               system_stm32f1xx.o
    0x20000010   0x08004efc   0x00000010   Data   RW         3619    .data               flash_f1xx.o
    0x20000020   0x08004f0c   0x00000010   Data   RW         3684    .data               mt6816.o
    0x20000030   0x08004f1c   0x0000000c   Data   RW         3806    .data               at8236.o
    0x2000003c   0x08004f28   0x00000010   Data   RW         3900    .data               motor_control.o
    0x2000004c   0x08004f38   0x00000004   Data   RW         4655    .data               mc_w.l(stdout.o)
    0x20000050        -       0x00000028   Zero   RW          251    .bss                can.o
    0x20000078        -       0x00000058   Zero   RW          293    .bss                spi.o
    0x200000d0        -       0x00000090   Zero   RW          339    .bss                tim.o
    0x20000160        -       0x00000044   Zero   RW          401    .bss                usart.o
    0x200001a4   0x08004f3c   0x00000004   PAD
    0x200001a8        -       0x00000020   Zero   RW         1551    .bss                stm32f1xx_hal_flash.o
    0x200001c8        -       0x00000034   Zero   RW         3572    .bss                del_can.o
    0x200001fc        -       0x00000364   Zero   RW         3735    .bss                encoder_cali.o
    0x20000560        -       0x000000d8   Zero   RW         3899    .bss                motor_control.o
    0x20000638        -       0x0000001c   Zero   RW         4088    .bss                current_tracker.o
    0x20000654        -       0x0000001c   Zero   RW         4144    .bss                location_interp.o
    0x20000670        -       0x00000038   Zero   RW         4190    .bss                location_tracker.o
    0x200006a8        -       0x00000038   Zero   RW         4254    .bss                move_reconstruct.o
    0x200006e0        -       0x0000001c   Zero   RW         4313    .bss                speed_tracker.o
    0x200006fc   0x08004f3c   0x00000004   PAD
    0x20000700        -       0x00000400   Zero   RW            1    STACK               startup_stm32f103xb.o


==============================================================================

Image component sizes


      Code (inc. data)   RO Data    RW Data    ZI Data      Debug   Object Name

       308         44          0         12          0       4897   at8236.o
       216         26          0          0         40       1703   can.o
       296         30          0          0         28       4224   current_tracker.o
       340        162          0          0         52       2188   del_can.o
       384        142          0          0          0       2392   del_hal.o
        20          6          0          0          0        415   del_led.o
      1500         60          0          0        868       7511   encoder_cali.o
       188         30          0         16          0       3861   flash_f1xx.o
       236         18          0          0          0       1003   gpio.o
        96         14          0          0         28       2426   location_interp.o
       684         52          0          0         56       5736   location_tracker.o
       138          0          0          0          0     452316   main.o
      2120        148          0         16        216      15650   motor_control.o
       412         38          0          0         56       4936   move_reconstruct.o
       380         54          0         16          0       3983   mt6816.o
         0          0       2050          0          0        536   sine_form.o
       296         36          0          0         28       4118   speed_tracker.o
       204         24          0          0         88       1705   spi.o
        36          8        236          0       1024        804   startup_stm32f103xb.o
       164         28          0         12          0       5921   stm32f1xx_hal.o
      1408          0          0          0          0      12600   stm32f1xx_hal_can.o
       198         14          0          0          0      28959   stm32f1xx_hal_cortex.o
       332         28          0          0         32       3622   stm32f1xx_hal_flash.o
       240         26          0          0          0       3253   stm32f1xx_hal_flash_ex.o
       490         34          0          0          0       2896   stm32f1xx_hal_gpio.o
        60          8          0          0          0        874   stm32f1xx_hal_msp.o
      1280        102          0          0          0       5240   stm32f1xx_hal_rcc.o
       876          4          0          0          0       4713   stm32f1xx_hal_spi.o
      1766         58          0          0          0      15420   stm32f1xx_hal_tim.o
       108         12          0          0          0       2385   stm32f1xx_hal_tim_ex.o
       560          6          0          0          0       3956   stm32f1xx_hal_uart.o
        44         12          0          0          0       4793   stm32f1xx_it.o
         2          0         24          4          0       1127   system_stm32f1xx.o
       420         44          0          0        144       3483   tim.o
       184         24          0          0         68       1726   usart.o

    ----------------------------------------------------------------------
     16028       1292       2342         76       2736     621372   Object Totals
         0          0         32          0          0          0   (incl. Generated)
        42          0          0          0          8          0   (incl. Padding)

    ----------------------------------------------------------------------

      Code (inc. data)   RO Data    RW Data    ZI Data      Debug   Library Member Name

         0          0          0          0          0          0   entry.o
         0          0          0          0          0          0   entry10a.o
         0          0          0          0          0          0   entry11a.o
         4          0          0          0          0          0   entry12b.o
         8          4          0          0          0          0   entry2.o
         4          0          0          0          0          0   entry5.o
         0          0          0          0          0          0   entry7b.o
         0          0          0          0          0          0   entry8b.o
         8          4          0          0          0          0   entry9a.o
        30          0          0          0          0          0   handlers.o
        36          8          0          0          0         68   init.o
         0          0          0          0          0          0   iusefp.o
        30          0          0          0          0         68   llshl.o
        32          0          0          0          0         68   llushr.o
        36          0          0          0          0        108   memseta.o
      1142         54          0          0          0        352   printf8.o
         0          0          0          4          0          0   stdout.o
        98          0          0          0          0         92   uldiv.o
       124          0          0          0          0         88   fdiv.o
       110          0          0          0          0        168   fepilogue.o
        50          0          0          0          0         68   ffixi.o
        18          0          0          0          0         68   fflti.o
       100          0          0          0          0         76   fmul.o

    ----------------------------------------------------------------------
      1834         70          0          4          0       1224   Library Totals
         4          0          0          0          0          0   (incl. Padding)

    ----------------------------------------------------------------------

      Code (inc. data)   RO Data    RW Data    ZI Data      Debug   Library Name

      1428         70          0          4          0        756   mc_w.l
       402          0          0          0          0        468   mf_w.l

    ----------------------------------------------------------------------
      1834         70          0          4          0       1224   Library Totals

    ----------------------------------------------------------------------

==============================================================================


      Code (inc. data)   RO Data    RW Data    ZI Data      Debug   

     17862       1362       2342         80       2736     613232   Grand Totals
     17862       1362       2342         80       2736     613232   ELF Image Totals
     17862       1362       2342         80          0          0   ROM Totals

==============================================================================

    Total RO  Size (Code + RO Data)                20204 (  19.73kB)
    Total RW  Size (RW Data + ZI Data)              2816 (   2.75kB)
    Total ROM Size (Code + RO Data + RW Data)      20284 (  19.81kB)

==============================================================================

